StraightsWindow.o: In function `StraightsWindow':
/u8/jkalpin/cs247/cs247project/StraightsWindow.cpp:3: undefined reference to `Gtk::Window::Window(Gtk::WindowType)'
/u8/jkalpin/cs247/cs247project/StraightsWindow.cpp:3: undefined reference to `Gtk::HBox::HBox(bool, int)'
/u8/jkalpin/cs247/cs247project/StraightsWindow.cpp:3: undefined reference to `Gtk::Frame::Frame()'
/u8/jkalpin/cs247/cs247project/StraightsWindow.cpp:6: undefined reference to `Gtk::Container::set_border_width(unsigned int)'
/u8/jkalpin/cs247/cs247project/StraightsWindow.cpp:8: undefined reference to `Glib::ustring::ustring(char const*)'
/u8/jkalpin/cs247/cs247project/StraightsWindow.cpp:8: undefined reference to `Gtk::Frame::set_label(Glib::ustring const&)'
/u8/jkalpin/cs247/cs247project/StraightsWindow.cpp:8: undefined reference to `Glib::ustring::~ustring()'
/u8/jkalpin/cs247/cs247project/StraightsWindow.cpp:9: undefined reference to `Gtk::Frame::set_label_align(Gtk::AlignmentEnum, Gtk::AlignmentEnum)'
/u8/jkalpin/cs247/cs247project/StraightsWindow.cpp:10: undefined reference to `Gtk::Frame::set_shadow_type(Gtk::ShadowType)'
/u8/jkalpin/cs247/cs247project/StraightsWindow.cpp:11: undefined reference to `Gtk::Container::add(Gtk::Widget&)'
/u8/jkalpin/cs247/cs247project/StraightsWindow.cpp:13: undefined reference to `Gtk::Container::add(Gtk::Widget&)'
/u8/jkalpin/cs247/cs247project/StraightsWindow.cpp:16: undefined reference to `Gtk::Image::Image(Glib::RefPtr<Gdk::Pixbuf> const&)'
/u8/jkalpin/cs247/cs247project/StraightsWindow.cpp:17: undefined reference to `Gtk::Container::add(Gtk::Widget&)'
/u8/jkalpin/cs247/cs247project/StraightsWindow.cpp:20: undefined reference to `Gtk::Widget::show_all()'
/u8/jkalpin/cs247/cs247project/StraightsWindow.cpp:8: undefined reference to `Glib::ustring::~ustring()'
/u8/jkalpin/cs247/cs247project/StraightsWindow.cpp:3: undefined reference to `Gtk::Frame::~Frame()'
/u8/jkalpin/cs247/cs247project/StraightsWindow.cpp:3: undefined reference to `Gtk::HBox::~HBox()'
/u8/jkalpin/cs247/cs247project/StraightsWindow.cpp:3: undefined reference to `Gtk::Window::~Window()'
/u8/jkalpin/cs247/cs247project/StraightsWindow.cpp:3: undefined reference to `sigc::trackable::trackable()'
/u8/jkalpin/cs247/cs247project/StraightsWindow.cpp:3: undefined reference to `Glib::ObjectBase::ObjectBase()'
/u8/jkalpin/cs247/cs247project/StraightsWindow.cpp:3: undefined reference to `Gtk::Window::Window(Gtk::WindowType)'
/u8/jkalpin/cs247/cs247project/StraightsWindow.cpp:3: undefined reference to `Gtk::HBox::HBox(bool, int)'
/u8/jkalpin/cs247/cs247project/StraightsWindow.cpp:3: undefined reference to `Gtk::Frame::Frame()'
/u8/jkalpin/cs247/cs247project/StraightsWindow.cpp:6: undefined reference to `Gtk::Container::set_border_width(unsigned int)'
/u8/jkalpin/cs247/cs247project/StraightsWindow.cpp:8: undefined reference to `Glib::ustring::ustring(char const*)'
/u8/jkalpin/cs247/cs247project/StraightsWindow.cpp:8: undefined reference to `Gtk::Frame::set_label(Glib::ustring const&)'
/u8/jkalpin/cs247/cs247project/StraightsWindow.cpp:8: undefined reference to `Glib::ustring::~ustring()'
/u8/jkalpin/cs247/cs247project/StraightsWindow.cpp:9: undefined reference to `Gtk::Frame::set_label_align(Gtk::AlignmentEnum, Gtk::AlignmentEnum)'
/u8/jkalpin/cs247/cs247project/StraightsWindow.cpp:10: undefined reference to `Gtk::Frame::set_shadow_type(Gtk::ShadowType)'
/u8/jkalpin/cs247/cs247project/StraightsWindow.cpp:11: undefined reference to `Gtk::Container::add(Gtk::Widget&)'
/u8/jkalpin/cs247/cs247project/StraightsWindow.cpp:13: undefined reference to `Gtk::Container::add(Gtk::Widget&)'
/u8/jkalpin/cs247/cs247project/StraightsWindow.cpp:16: undefined reference to `Gtk::Image::Image(Glib::RefPtr<Gdk::Pixbuf> const&)'
/u8/jkalpin/cs247/cs247project/StraightsWindow.cpp:17: undefined reference to `Gtk::Container::add(Gtk::Widget&)'
/u8/jkalpin/cs247/cs247project/StraightsWindow.cpp:20: undefined reference to `Gtk::Widget::show_all()'
/u8/jkalpin/cs247/cs247project/StraightsWindow.cpp:8: undefined reference to `Glib::ustring::~ustring()'
/u8/jkalpin/cs247/cs247project/StraightsWindow.cpp:3: undefined reference to `Gtk::Frame::~Frame()'
/u8/jkalpin/cs247/cs247project/StraightsWindow.cpp:3: undefined reference to `Gtk::HBox::~HBox()'
/u8/jkalpin/cs247/cs247project/StraightsWindow.cpp:3: undefined reference to `Gtk::Window::~Window()'
/u8/jkalpin/cs247/cs247project/StraightsWindow.cpp:3: undefined reference to `Glib::ObjectBase::~ObjectBase()'
/u8/jkalpin/cs247/cs247project/StraightsWindow.cpp:3: undefined reference to `sigc::trackable::~trackable()'
StraightsWindow.o: In function `~StraightsWindow':
/u8/jkalpin/cs247/cs247project/StraightsWindow.cpp:23: undefined reference to `Gtk::Frame::~Frame()'
/u8/jkalpin/cs247/cs247project/StraightsWindow.cpp:23: undefined reference to `Gtk::HBox::~HBox()'
/u8/jkalpin/cs247/cs247project/StraightsWindow.cpp:23: undefined reference to `Gtk::Window::~Window()'
/u8/jkalpin/cs247/cs247project/StraightsWindow.cpp:23: undefined reference to `Glib::ObjectBase::~ObjectBase()'
/u8/jkalpin/cs247/cs247project/StraightsWindow.cpp:23: undefined reference to `sigc::trackable::~trackable()'
/u8/jkalpin/cs247/cs247project/StraightsWindow.cpp:23: undefined reference to `Gtk::Frame::~Frame()'
/u8/jkalpin/cs247/cs247project/StraightsWindow.cpp:23: undefined reference to `Gtk::HBox::~HBox()'
/u8/jkalpin/cs247/cs247project/StraightsWindow.cpp:23: undefined reference to `Gtk::Window::~Window()'
/u8/jkalpin/cs247/cs247project/StraightsWindow.cpp:23: undefined reference to `Glib::ObjectBase::~ObjectBase()'
/u8/jkalpin/cs247/cs247project/StraightsWindow.cpp:23: undefined reference to `sigc::trackable::~trackable()'
/u8/jkalpin/cs247/cs247project/StraightsWindow.cpp:23: undefined reference to `Gtk::Frame::~Frame()'
/u8/jkalpin/cs247/cs247project/StraightsWindow.cpp:23: undefined reference to `Gtk::HBox::~HBox()'
/u8/jkalpin/cs247/cs247project/StraightsWindow.cpp:23: undefined reference to `Gtk::Window::~Window()'
/u8/jkalpin/cs247/cs247project/StraightsWindow.cpp:23: undefined reference to `Glib::ObjectBase::~ObjectBase()'
/u8/jkalpin/cs247/cs247project/StraightsWindow.cpp:23: undefined reference to `sigc::trackable::~trackable()'
/u8/jkalpin/cs247/cs247project/StraightsWindow.cpp:23: undefined reference to `Gtk::Frame::~Frame()'
/u8/jkalpin/cs247/cs247project/StraightsWindow.cpp:23: undefined reference to `Gtk::HBox::~HBox()'
/u8/jkalpin/cs247/cs247project/StraightsWindow.cpp:23: undefined reference to `Gtk::Window::~Window()'
/u8/jkalpin/cs247/cs247project/StraightsWindow.cpp:23: undefined reference to `Glib::ObjectBase::~ObjectBase()'
/u8/jkalpin/cs247/cs247project/StraightsWindow.cpp:23: undefined reference to `sigc::trackable::~trackable()'
StraightsWindow.o:(.rodata._ZTV15StraightsWindow[vtable for StraightsWindow]+0x30): undefined reference to `Gtk::Window::set_manage()'
StraightsWindow.o:(.rodata._ZTV15StraightsWindow[vtable for StraightsWindow]+0x38): undefined reference to `Gtk::Object::destroy_notify_()'
StraightsWindow.o:(.rodata._ZTV15StraightsWindow[vtable for StraightsWindow]+0x40): undefined reference to `Gtk::Widget::on_show()'
StraightsWindow.o:(.rodata._ZTV15StraightsWindow[vtable for StraightsWindow]+0x48): undefined reference to `Gtk::Widget::on_hide()'
StraightsWindow.o:(.rodata._ZTV15StraightsWindow[vtable for StraightsWindow]+0x50): undefined reference to `Gtk::Widget::on_map()'
StraightsWindow.o:(.rodata._ZTV15StraightsWindow[vtable for StraightsWindow]+0x58): undefined reference to `Gtk::Widget::on_unmap()'
StraightsWindow.o:(.rodata._ZTV15StraightsWindow[vtable for StraightsWindow]+0x60): undefined reference to `Gtk::Widget::on_realize()'
StraightsWindow.o:(.rodata._ZTV15StraightsWindow[vtable for StraightsWindow]+0x68): undefined reference to `Gtk::Widget::on_unrealize()'
StraightsWindow.o:(.rodata._ZTV15StraightsWindow[vtable for StraightsWindow]+0x70): undefined reference to `Gtk::Widget::on_size_request(_GtkRequisition*)'
StraightsWindow.o:(.rodata._ZTV15StraightsWindow[vtable for StraightsWindow]+0x78): undefined reference to `Gtk::Widget::on_size_allocate(Gdk::Rectangle&)'
StraightsWindow.o:(.rodata._ZTV15StraightsWindow[vtable for StraightsWindow]+0x80): undefined reference to `Gtk::Widget::on_state_changed(Gtk::StateType)'
StraightsWindow.o:(.rodata._ZTV15StraightsWindow[vtable for StraightsWindow]+0x88): undefined reference to `Gtk::Widget::on_parent_changed(Gtk::Widget*)'
StraightsWindow.o:(.rodata._ZTV15StraightsWindow[vtable for StraightsWindow]+0x90): undefined reference to `Gtk::Widget::on_hierarchy_changed(Gtk::Widget*)'
StraightsWindow.o:(.rodata._ZTV15StraightsWindow[vtable for StraightsWindow]+0x98): undefined reference to `Gtk::Widget::on_style_changed(Glib::RefPtr<Gtk::Style> const&)'
StraightsWindow.o:(.rodata._ZTV15StraightsWindow[vtable for StraightsWindow]+0xa0): undefined reference to `Gtk::Widget::on_direction_changed(Gtk::TextDirection)'
StraightsWindow.o:(.rodata._ZTV15StraightsWindow[vtable for StraightsWindow]+0xa8): undefined reference to `Gtk::Widget::on_grab_notify(bool)'
StraightsWindow.o:(.rodata._ZTV15StraightsWindow[vtable for StraightsWindow]+0xb0): undefined reference to `Gtk::Widget::on_child_notify(_GParamSpec*)'
StraightsWindow.o:(.rodata._ZTV15StraightsWindow[vtable for StraightsWindow]+0xb8): undefined reference to `Gtk::Widget::on_mnemonic_activate(bool)'
StraightsWindow.o:(.rodata._ZTV15StraightsWindow[vtable for StraightsWindow]+0xc0): undefined reference to `Gtk::Widget::on_grab_focus()'
StraightsWindow.o:(.rodata._ZTV15StraightsWindow[vtable for StraightsWindow]+0xc8): undefined reference to `Gtk::Widget::on_focus(Gtk::DirectionType)'
StraightsWindow.o:(.rodata._ZTV15StraightsWindow[vtable for StraightsWindow]+0xd0): undefined reference to `Gtk::Widget::on_event(_GdkEvent*)'
StraightsWindow.o:(.rodata._ZTV15StraightsWindow[vtable for StraightsWindow]+0xd8): undefined reference to `Gtk::Widget::on_button_press_event(_GdkEventButton*)'
StraightsWindow.o:(.rodata._ZTV15StraightsWindow[vtable for StraightsWindow]+0xe0): undefined reference to `Gtk::Widget::on_button_release_event(_GdkEventButton*)'
StraightsWindow.o:(.rodata._ZTV15StraightsWindow[vtable for StraightsWindow]+0xe8): undefined reference to `Gtk::Widget::on_scroll_event(_GdkEventScroll*)'
StraightsWindow.o:(.rodata._ZTV15StraightsWindow[vtable for StraightsWindow]+0xf0): undefined reference to `Gtk::Widget::on_motion_notify_event(_GdkEventMotion*)'
StraightsWindow.o:(.rodata._ZTV15StraightsWindow[vtable for StraightsWindow]+0xf8): undefined reference to `Gtk::Widget::on_delete_event(_GdkEventAny*)'
StraightsWindow.o:(.rodata._ZTV15StraightsWindow[vtable for StraightsWindow]+0x100): undefined reference to `Gtk::Widget::on_expose_event(_GdkEventExpose*)'
StraightsWindow.o:(.rodata._ZTV15StraightsWindow[vtable for StraightsWindow]+0x108): undefined reference to `Gtk::Widget::on_key_press_event(_GdkEventKey*)'
StraightsWindow.o:(.rodata._ZTV15StraightsWindow[vtable for StraightsWindow]+0x110): undefined reference to `Gtk::Widget::on_key_release_event(_GdkEventKey*)'
StraightsWindow.o:(.rodata._ZTV15StraightsWindow[vtable for StraightsWindow]+0x118): undefined reference to `Gtk::Widget::on_enter_notify_event(_GdkEventCrossing*)'
StraightsWindow.o:(.rodata._ZTV15StraightsWindow[vtable for StraightsWindow]+0x120): undefined reference to `Gtk::Widget::on_leave_notify_event(_GdkEventCrossing*)'
StraightsWindow.o:(.rodata._ZTV15StraightsWindow[vtable for StraightsWindow]+0x128): undefined reference to `Gtk::Widget::on_configure_event(_GdkEventConfigure*)'
StraightsWindow.o:(.rodata._ZTV15StraightsWindow[vtable for StraightsWindow]+0x130): undefined reference to `Gtk::Widget::on_focus_in_event(_GdkEventFocus*)'
StraightsWindow.o:(.rodata._ZTV15StraightsWindow[vtable for StraightsWindow]+0x138): undefined reference to `Gtk::Widget::on_focus_out_event(_GdkEventFocus*)'
StraightsWindow.o:(.rodata._ZTV15StraightsWindow[vtable for StraightsWindow]+0x140): undefined reference to `Gtk::Widget::on_map_event(_GdkEventAny*)'
StraightsWindow.o:(.rodata._ZTV15StraightsWindow[vtable for StraightsWindow]+0x148): undefined reference to `Gtk::Widget::on_unmap_event(_GdkEventAny*)'
StraightsWindow.o:(.rodata._ZTV15StraightsWindow[vtable for StraightsWindow]+0x150): undefined reference to `Gtk::Widget::on_property_notify_event(_GdkEventProperty*)'
StraightsWindow.o:(.rodata._ZTV15StraightsWindow[vtable for StraightsWindow]+0x158): undefined reference to `Gtk::Widget::on_selection_clear_event(_GdkEventSelection*)'
StraightsWindow.o:(.rodata._ZTV15StraightsWindow[vtable for StraightsWindow]+0x160): undefined reference to `Gtk::Widget::on_selection_request_event(_GdkEventSelection*)'
StraightsWindow.o:(.rodata._ZTV15StraightsWindow[vtable for StraightsWindow]+0x168): undefined reference to `Gtk::Widget::on_selection_notify_event(_GdkEventSelection*)'
StraightsWindow.o:(.rodata._ZTV15StraightsWindow[vtable for StraightsWindow]+0x170): undefined reference to `Gtk::Widget::on_proximity_in_event(_GdkEventProximity*)'
StraightsWindow.o:(.rodata._ZTV15StraightsWindow[vtable for StraightsWindow]+0x178): undefined reference to `Gtk::Widget::on_proximity_out_event(_GdkEventProximity*)'
StraightsWindow.o:(.rodata._ZTV15StraightsWindow[vtable for StraightsWindow]+0x180): undefined reference to `Gtk::Widget::on_visibility_notify_event(_GdkEventVisibility*)'
StraightsWindow.o:(.rodata._ZTV15StraightsWindow[vtable for StraightsWindow]+0x188): undefined reference to `Gtk::Widget::on_client_event(_GdkEventClient*)'
StraightsWindow.o:(.rodata._ZTV15StraightsWindow[vtable for StraightsWindow]+0x190): undefined reference to `Gtk::Widget::on_no_expose_event(_GdkEventAny*)'
StraightsWindow.o:(.rodata._ZTV15StraightsWindow[vtable for StraightsWindow]+0x198): undefined reference to `Gtk::Widget::on_window_state_event(_GdkEventWindowState*)'
StraightsWindow.o:(.rodata._ZTV15StraightsWindow[vtable for StraightsWindow]+0x1a0): undefined reference to `Gtk::Widget::on_selection_get(Gtk::SelectionData&, unsigned int, unsigned int)'
StraightsWindow.o:(.rodata._ZTV15StraightsWindow[vtable for StraightsWindow]+0x1a8): undefined reference to `Gtk::Widget::on_selection_received(Gtk::SelectionData const&, unsigned int)'
StraightsWindow.o:(.rodata._ZTV15StraightsWindow[vtable for StraightsWindow]+0x1b0): undefined reference to `Gtk::Widget::on_drag_begin(Glib::RefPtr<Gdk::DragContext> const&)'
StraightsWindow.o:(.rodata._ZTV15StraightsWindow[vtable for StraightsWindow]+0x1b8): undefined reference to `Gtk::Widget::on_drag_end(Glib::RefPtr<Gdk::DragContext> const&)'
StraightsWindow.o:(.rodata._ZTV15StraightsWindow[vtable for StraightsWindow]+0x1c0): undefined reference to `Gtk::Widget::on_drag_data_get(Glib::RefPtr<Gdk::DragContext> const&, Gtk::SelectionData&, unsigned int, unsigned int)'
StraightsWindow.o:(.rodata._ZTV15StraightsWindow[vtable for StraightsWindow]+0x1c8): undefined reference to `Gtk::Widget::on_drag_data_delete(Glib::RefPtr<Gdk::DragContext> const&)'
StraightsWindow.o:(.rodata._ZTV15StraightsWindow[vtable for StraightsWindow]+0x1d0): undefined reference to `Gtk::Widget::on_drag_leave(Glib::RefPtr<Gdk::DragContext> const&, unsigned int)'
StraightsWindow.o:(.rodata._ZTV15StraightsWindow[vtable for StraightsWindow]+0x1d8): undefined reference to `Gtk::Widget::on_drag_motion(Glib::RefPtr<Gdk::DragContext> const&, int, int, unsigned int)'
StraightsWindow.o:(.rodata._ZTV15StraightsWindow[vtable for StraightsWindow]+0x1e0): undefined reference to `Gtk::Widget::on_drag_drop(Glib::RefPtr<Gdk::DragContext> const&, int, int, unsigned int)'
StraightsWindow.o:(.rodata._ZTV15StraightsWindow[vtable for StraightsWindow]+0x1e8): undefined reference to `Gtk::Widget::on_drag_data_received(Glib::RefPtr<Gdk::DragContext> const&, int, int, Gtk::SelectionData const&, unsigned int, unsigned int)'
StraightsWindow.o:(.rodata._ZTV15StraightsWindow[vtable for StraightsWindow]+0x1f0): undefined reference to `Gtk::Widget::on_get_accessible()'
StraightsWindow.o:(.rodata._ZTV15StraightsWindow[vtable for StraightsWindow]+0x1f8): undefined reference to `Gtk::Widget::on_screen_changed(Glib::RefPtr<Gdk::Screen> const&)'
StraightsWindow.o:(.rodata._ZTV15StraightsWindow[vtable for StraightsWindow]+0x200): undefined reference to `Gtk::Widget::dispatch_child_properties_changed_vfunc(unsigned int, _GParamSpec**)'
StraightsWindow.o:(.rodata._ZTV15StraightsWindow[vtable for StraightsWindow]+0x208): undefined reference to `Gtk::Widget::show_all_vfunc()'
StraightsWindow.o:(.rodata._ZTV15StraightsWindow[vtable for StraightsWindow]+0x210): undefined reference to `Gtk::Widget::hide_all_vfunc()'
StraightsWindow.o:(.rodata._ZTV15StraightsWindow[vtable for StraightsWindow]+0x218): undefined reference to `Gtk::Widget::get_accessible_vfunc()'
StraightsWindow.o:(.rodata._ZTV15StraightsWindow[vtable for StraightsWindow]+0x220): undefined reference to `Gtk::Container::on_add(Gtk::Widget*)'
StraightsWindow.o:(.rodata._ZTV15StraightsWindow[vtable for StraightsWindow]+0x228): undefined reference to `Gtk::Container::on_remove(Gtk::Widget*)'
StraightsWindow.o:(.rodata._ZTV15StraightsWindow[vtable for StraightsWindow]+0x230): undefined reference to `Gtk::Container::on_check_resize()'
StraightsWindow.o:(.rodata._ZTV15StraightsWindow[vtable for StraightsWindow]+0x238): undefined reference to `Gtk::Container::on_set_focus_child(Gtk::Widget*)'
StraightsWindow.o:(.rodata._ZTV15StraightsWindow[vtable for StraightsWindow]+0x240): undefined reference to `Gtk::Container::add(Gtk::Widget&)'
StraightsWindow.o:(.rodata._ZTV15StraightsWindow[vtable for StraightsWindow]+0x248): undefined reference to `Gtk::Container::child_type_vfunc() const'
StraightsWindow.o:(.rodata._ZTV15StraightsWindow[vtable for StraightsWindow]+0x250): undefined reference to `Gtk::Container::forall_vfunc(int, void (*)(_GtkWidget*, void*), void*)'
StraightsWindow.o:(.rodata._ZTV15StraightsWindow[vtable for StraightsWindow]+0x258): undefined reference to `Gtk::Container::composite_name_vfunc(_GtkWidget*)'
StraightsWindow.o:(.rodata._ZTV15StraightsWindow[vtable for StraightsWindow]+0x260): undefined reference to `Gtk::Container::set_child_property_vfunc(_GtkWidget*, unsigned int, _GValue const*, _GParamSpec*)'
StraightsWindow.o:(.rodata._ZTV15StraightsWindow[vtable for StraightsWindow]+0x268): undefined reference to `Gtk::Container::get_child_property_vfunc(_GtkWidget*, unsigned int, _GValue*, _GParamSpec*) const'
StraightsWindow.o:(.rodata._ZTV15StraightsWindow[vtable for StraightsWindow]+0x270): undefined reference to `Gtk::Window::on_set_focus(Gtk::Widget*)'
StraightsWindow.o:(.rodata._ZTV15StraightsWindow[vtable for StraightsWindow]+0x278): undefined reference to `Gtk::Window::on_frame_event(_GdkEvent*)'
StraightsWindow.o:(.rodata._ZTV15StraightsWindow[vtable for StraightsWindow]+0x280): undefined reference to `Gtk::Window::raise()'
StraightsWindow.o:(.rodata._ZTV15StraightsWindow[vtable for StraightsWindow]+0x2b8): undefined reference to `Atk::Implementor::ref_accessibile_vfunc()'
StraightsWindow.o:(.rodata._ZTV15StraightsWindow[vtable for StraightsWindow]+0x310): undefined reference to `Glib::ObjectBase::reference() const'
StraightsWindow.o:(.rodata._ZTV15StraightsWindow[vtable for StraightsWindow]+0x318): undefined reference to `Glib::ObjectBase::unreference() const'
StraightsWindow.o:(.rodata._ZTV15StraightsWindow[vtable for StraightsWindow]+0x320): undefined reference to `virtual thunk to Gtk::Object::destroy_notify_()'
StraightsWindow.o:(.rodata._ZTV15StraightsWindow[vtable for StraightsWindow]+0x328): undefined reference to `virtual thunk to Gtk::Window::set_manage()'
StraightsWindow.o:(.rodata._ZTC15StraightsWindow0_N3Gtk6WindowE[vtable for StraightsWindow]+0x18): undefined reference to `typeinfo for Gtk::Window'
StraightsWindow.o:(.rodata._ZTC15StraightsWindow0_N3Gtk6WindowE[vtable for StraightsWindow]+0x20): undefined reference to `Gtk::Window::~Window()'
StraightsWindow.o:(.rodata._ZTC15StraightsWindow0_N3Gtk6WindowE[vtable for StraightsWindow]+0x28): undefined reference to `Gtk::Window::~Window()'
StraightsWindow.o:(.rodata._ZTC15StraightsWindow0_N3Gtk6WindowE[vtable for StraightsWindow]+0x30): undefined reference to `Gtk::Window::set_manage()'
StraightsWindow.o:(.rodata._ZTC15StraightsWindow0_N3Gtk6WindowE[vtable for StraightsWindow]+0x38): undefined reference to `Gtk::Object::destroy_notify_()'
StraightsWindow.o:(.rodata._ZTC15StraightsWindow0_N3Gtk6WindowE[vtable for StraightsWindow]+0x40): undefined reference to `Gtk::Widget::on_show()'
StraightsWindow.o:(.rodata._ZTC15StraightsWindow0_N3Gtk6WindowE[vtable for StraightsWindow]+0x48): undefined reference to `Gtk::Widget::on_hide()'
StraightsWindow.o:(.rodata._ZTC15StraightsWindow0_N3Gtk6WindowE[vtable for StraightsWindow]+0x50): undefined reference to `Gtk::Widget::on_map()'
StraightsWindow.o:(.rodata._ZTC15StraightsWindow0_N3Gtk6WindowE[vtable for StraightsWindow]+0x58): undefined reference to `Gtk::Widget::on_unmap()'
StraightsWindow.o:(.rodata._ZTC15StraightsWindow0_N3Gtk6WindowE[vtable for StraightsWindow]+0x60): undefined reference to `Gtk::Widget::on_realize()'
StraightsWindow.o:(.rodata._ZTC15StraightsWindow0_N3Gtk6WindowE[vtable for StraightsWindow]+0x68): undefined reference to `Gtk::Widget::on_unrealize()'
StraightsWindow.o:(.rodata._ZTC15StraightsWindow0_N3Gtk6WindowE[vtable for StraightsWindow]+0x70): undefined reference to `Gtk::Widget::on_size_request(_GtkRequisition*)'
StraightsWindow.o:(.rodata._ZTC15StraightsWindow0_N3Gtk6WindowE[vtable for StraightsWindow]+0x78): undefined reference to `Gtk::Widget::on_size_allocate(Gdk::Rectangle&)'
StraightsWindow.o:(.rodata._ZTC15StraightsWindow0_N3Gtk6WindowE[vtable for StraightsWindow]+0x80): undefined reference to `Gtk::Widget::on_state_changed(Gtk::StateType)'
StraightsWindow.o:(.rodata._ZTC15StraightsWindow0_N3Gtk6WindowE[vtable for StraightsWindow]+0x88): undefined reference to `Gtk::Widget::on_parent_changed(Gtk::Widget*)'
StraightsWindow.o:(.rodata._ZTC15StraightsWindow0_N3Gtk6WindowE[vtable for StraightsWindow]+0x90): undefined reference to `Gtk::Widget::on_hierarchy_changed(Gtk::Widget*)'
StraightsWindow.o:(.rodata._ZTC15StraightsWindow0_N3Gtk6WindowE[vtable for StraightsWindow]+0x98): undefined reference to `Gtk::Widget::on_style_changed(Glib::RefPtr<Gtk::Style> const&)'
StraightsWindow.o:(.rodata._ZTC15StraightsWindow0_N3Gtk6WindowE[vtable for StraightsWindow]+0xa0): undefined reference to `Gtk::Widget::on_direction_changed(Gtk::TextDirection)'
StraightsWindow.o:(.rodata._ZTC15StraightsWindow0_N3Gtk6WindowE[vtable for StraightsWindow]+0xa8): undefined reference to `Gtk::Widget::on_grab_notify(bool)'
StraightsWindow.o:(.rodata._ZTC15StraightsWindow0_N3Gtk6WindowE[vtable for StraightsWindow]+0xb0): undefined reference to `Gtk::Widget::on_child_notify(_GParamSpec*)'
StraightsWindow.o:(.rodata._ZTC15StraightsWindow0_N3Gtk6WindowE[vtable for StraightsWindow]+0xb8): undefined reference to `Gtk::Widget::on_mnemonic_activate(bool)'
StraightsWindow.o:(.rodata._ZTC15StraightsWindow0_N3Gtk6WindowE[vtable for StraightsWindow]+0xc0): undefined reference to `Gtk::Widget::on_grab_focus()'
StraightsWindow.o:(.rodata._ZTC15StraightsWindow0_N3Gtk6WindowE[vtable for StraightsWindow]+0xc8): undefined reference to `Gtk::Widget::on_focus(Gtk::DirectionType)'
StraightsWindow.o:(.rodata._ZTC15StraightsWindow0_N3Gtk6WindowE[vtable for StraightsWindow]+0xd0): undefined reference to `Gtk::Widget::on_event(_GdkEvent*)'
StraightsWindow.o:(.rodata._ZTC15StraightsWindow0_N3Gtk6WindowE[vtable for StraightsWindow]+0xd8): undefined reference to `Gtk::Widget::on_button_press_event(_GdkEventButton*)'
StraightsWindow.o:(.rodata._ZTC15StraightsWindow0_N3Gtk6WindowE[vtable for StraightsWindow]+0xe0): undefined reference to `Gtk::Widget::on_button_release_event(_GdkEventButton*)'
StraightsWindow.o:(.rodata._ZTC15StraightsWindow0_N3Gtk6WindowE[vtable for StraightsWindow]+0xe8): undefined reference to `Gtk::Widget::on_scroll_event(_GdkEventScroll*)'
StraightsWindow.o:(.rodata._ZTC15StraightsWindow0_N3Gtk6WindowE[vtable for StraightsWindow]+0xf0): undefined reference to `Gtk::Widget::on_motion_notify_event(_GdkEventMotion*)'
StraightsWindow.o:(.rodata._ZTC15StraightsWindow0_N3Gtk6WindowE[vtable for StraightsWindow]+0xf8): undefined reference to `Gtk::Widget::on_delete_event(_GdkEventAny*)'
StraightsWindow.o:(.rodata._ZTC15StraightsWindow0_N3Gtk6WindowE[vtable for StraightsWindow]+0x100): undefined reference to `Gtk::Widget::on_expose_event(_GdkEventExpose*)'
StraightsWindow.o:(.rodata._ZTC15StraightsWindow0_N3Gtk6WindowE[vtable for StraightsWindow]+0x108): undefined reference to `Gtk::Widget::on_key_press_event(_GdkEventKey*)'
StraightsWindow.o:(.rodata._ZTC15StraightsWindow0_N3Gtk6WindowE[vtable for StraightsWindow]+0x110): undefined reference to `Gtk::Widget::on_key_release_event(_GdkEventKey*)'
StraightsWindow.o:(.rodata._ZTC15StraightsWindow0_N3Gtk6WindowE[vtable for StraightsWindow]+0x118): undefined reference to `Gtk::Widget::on_enter_notify_event(_GdkEventCrossing*)'
StraightsWindow.o:(.rodata._ZTC15StraightsWindow0_N3Gtk6WindowE[vtable for StraightsWindow]+0x120): undefined reference to `Gtk::Widget::on_leave_notify_event(_GdkEventCrossing*)'
StraightsWindow.o:(.rodata._ZTC15StraightsWindow0_N3Gtk6WindowE[vtable for StraightsWindow]+0x128): undefined reference to `Gtk::Widget::on_configure_event(_GdkEventConfigure*)'
StraightsWindow.o:(.rodata._ZTC15StraightsWindow0_N3Gtk6WindowE[vtable for StraightsWindow]+0x130): undefined reference to `Gtk::Widget::on_focus_in_event(_GdkEventFocus*)'
StraightsWindow.o:(.rodata._ZTC15StraightsWindow0_N3Gtk6WindowE[vtable for StraightsWindow]+0x138): undefined reference to `Gtk::Widget::on_focus_out_event(_GdkEventFocus*)'
StraightsWindow.o:(.rodata._ZTC15StraightsWindow0_N3Gtk6WindowE[vtable for StraightsWindow]+0x140): undefined reference to `Gtk::Widget::on_map_event(_GdkEventAny*)'
StraightsWindow.o:(.rodata._ZTC15StraightsWindow0_N3Gtk6WindowE[vtable for StraightsWindow]+0x148): undefined reference to `Gtk::Widget::on_unmap_event(_GdkEventAny*)'
StraightsWindow.o:(.rodata._ZTC15StraightsWindow0_N3Gtk6WindowE[vtable for StraightsWindow]+0x150): undefined reference to `Gtk::Widget::on_property_notify_event(_GdkEventProperty*)'
StraightsWindow.o:(.rodata._ZTC15StraightsWindow0_N3Gtk6WindowE[vtable for StraightsWindow]+0x158): undefined reference to `Gtk::Widget::on_selection_clear_event(_GdkEventSelection*)'
StraightsWindow.o:(.rodata._ZTC15StraightsWindow0_N3Gtk6WindowE[vtable for StraightsWindow]+0x160): undefined reference to `Gtk::Widget::on_selection_request_event(_GdkEventSelection*)'
StraightsWindow.o:(.rodata._ZTC15StraightsWindow0_N3Gtk6WindowE[vtable for StraightsWindow]+0x168): undefined reference to `Gtk::Widget::on_selection_notify_event(_GdkEventSelection*)'
StraightsWindow.o:(.rodata._ZTC15StraightsWindow0_N3Gtk6WindowE[vtable for StraightsWindow]+0x170): undefined reference to `Gtk::Widget::on_proximity_in_event(_GdkEventProximity*)'
StraightsWindow.o:(.rodata._ZTC15StraightsWindow0_N3Gtk6WindowE[vtable for StraightsWindow]+0x178): undefined reference to `Gtk::Widget::on_proximity_out_event(_GdkEventProximity*)'
StraightsWindow.o:(.rodata._ZTC15StraightsWindow0_N3Gtk6WindowE[vtable for StraightsWindow]+0x180): undefined reference to `Gtk::Widget::on_visibility_notify_event(_GdkEventVisibility*)'
StraightsWindow.o:(.rodata._ZTC15StraightsWindow0_N3Gtk6WindowE[vtable for StraightsWindow]+0x188): undefined reference to `Gtk::Widget::on_client_event(_GdkEventClient*)'
StraightsWindow.o:(.rodata._ZTC15StraightsWindow0_N3Gtk6WindowE[vtable for StraightsWindow]+0x190): undefined reference to `Gtk::Widget::on_no_expose_event(_GdkEventAny*)'
StraightsWindow.o:(.rodata._ZTC15StraightsWindow0_N3Gtk6WindowE[vtable for StraightsWindow]+0x198): undefined reference to `Gtk::Widget::on_window_state_event(_GdkEventWindowState*)'
StraightsWindow.o:(.rodata._ZTC15StraightsWindow0_N3Gtk6WindowE[vtable for StraightsWindow]+0x1a0): undefined reference to `Gtk::Widget::on_selection_get(Gtk::SelectionData&, unsigned int, unsigned int)'
StraightsWindow.o:(.rodata._ZTC15StraightsWindow0_N3Gtk6WindowE[vtable for StraightsWindow]+0x1a8): undefined reference to `Gtk::Widget::on_selection_received(Gtk::SelectionData const&, unsigned int)'
StraightsWindow.o:(.rodata._ZTC15StraightsWindow0_N3Gtk6WindowE[vtable for StraightsWindow]+0x1b0): undefined reference to `Gtk::Widget::on_drag_begin(Glib::RefPtr<Gdk::DragContext> const&)'
StraightsWindow.o:(.rodata._ZTC15StraightsWindow0_N3Gtk6WindowE[vtable for StraightsWindow]+0x1b8): undefined reference to `Gtk::Widget::on_drag_end(Glib::RefPtr<Gdk::DragContext> const&)'
StraightsWindow.o:(.rodata._ZTC15StraightsWindow0_N3Gtk6WindowE[vtable for StraightsWindow]+0x1c0): undefined reference to `Gtk::Widget::on_drag_data_get(Glib::RefPtr<Gdk::DragContext> const&, Gtk::SelectionData&, unsigned int, unsigned int)'
StraightsWindow.o:(.rodata._ZTC15StraightsWindow0_N3Gtk6WindowE[vtable for StraightsWindow]+0x1c8): undefined reference to `Gtk::Widget::on_drag_data_delete(Glib::RefPtr<Gdk::DragContext> const&)'
StraightsWindow.o:(.rodata._ZTC15StraightsWindow0_N3Gtk6WindowE[vtable for StraightsWindow]+0x1d0): undefined reference to `Gtk::Widget::on_drag_leave(Glib::RefPtr<Gdk::DragContext> const&, unsigned int)'
StraightsWindow.o:(.rodata._ZTC15StraightsWindow0_N3Gtk6WindowE[vtable for StraightsWindow]+0x1d8): undefined reference to `Gtk::Widget::on_drag_motion(Glib::RefPtr<Gdk::DragContext> const&, int, int, unsigned int)'
StraightsWindow.o:(.rodata._ZTC15StraightsWindow0_N3Gtk6WindowE[vtable for StraightsWindow]+0x1e0): undefined reference to `Gtk::Widget::on_drag_drop(Glib::RefPtr<Gdk::DragContext> const&, int, int, unsigned int)'
StraightsWindow.o:(.rodata._ZTC15StraightsWindow0_N3Gtk6WindowE[vtable for StraightsWindow]+0x1e8): undefined reference to `Gtk::Widget::on_drag_data_received(Glib::RefPtr<Gdk::DragContext> const&, int, int, Gtk::SelectionData const&, unsigned int, unsigned int)'
StraightsWindow.o:(.rodata._ZTC15StraightsWindow0_N3Gtk6WindowE[vtable for StraightsWindow]+0x1f0): undefined reference to `Gtk::Widget::on_get_accessible()'
StraightsWindow.o:(.rodata._ZTC15StraightsWindow0_N3Gtk6WindowE[vtable for StraightsWindow]+0x1f8): undefined reference to `Gtk::Widget::on_screen_changed(Glib::RefPtr<Gdk::Screen> const&)'
StraightsWindow.o:(.rodata._ZTC15StraightsWindow0_N3Gtk6WindowE[vtable for StraightsWindow]+0x200): undefined reference to `Gtk::Widget::dispatch_child_properties_changed_vfunc(unsigned int, _GParamSpec**)'
StraightsWindow.o:(.rodata._ZTC15StraightsWindow0_N3Gtk6WindowE[vtable for StraightsWindow]+0x208): undefined reference to `Gtk::Widget::show_all_vfunc()'
StraightsWindow.o:(.rodata._ZTC15StraightsWindow0_N3Gtk6WindowE[vtable for StraightsWindow]+0x210): undefined reference to `Gtk::Widget::hide_all_vfunc()'
StraightsWindow.o:(.rodata._ZTC15StraightsWindow0_N3Gtk6WindowE[vtable for StraightsWindow]+0x218): undefined reference to `Gtk::Widget::get_accessible_vfunc()'
StraightsWindow.o:(.rodata._ZTC15StraightsWindow0_N3Gtk6WindowE[vtable for StraightsWindow]+0x220): undefined reference to `Gtk::Container::on_add(Gtk::Widget*)'
StraightsWindow.o:(.rodata._ZTC15StraightsWindow0_N3Gtk6WindowE[vtable for StraightsWindow]+0x228): undefined reference to `Gtk::Container::on_remove(Gtk::Widget*)'
StraightsWindow.o:(.rodata._ZTC15StraightsWindow0_N3Gtk6WindowE[vtable for StraightsWindow]+0x230): undefined reference to `Gtk::Container::on_check_resize()'
StraightsWindow.o:(.rodata._ZTC15StraightsWindow0_N3Gtk6WindowE[vtable for StraightsWindow]+0x238): undefined reference to `Gtk::Container::on_set_focus_child(Gtk::Widget*)'
StraightsWindow.o:(.rodata._ZTC15StraightsWindow0_N3Gtk6WindowE[vtable for StraightsWindow]+0x240): undefined reference to `Gtk::Container::add(Gtk::Widget&)'
StraightsWindow.o:(.rodata._ZTC15StraightsWindow0_N3Gtk6WindowE[vtable for StraightsWindow]+0x248): undefined reference to `Gtk::Container::child_type_vfunc() const'
StraightsWindow.o:(.rodata._ZTC15StraightsWindow0_N3Gtk6WindowE[vtable for StraightsWindow]+0x250): undefined reference to `Gtk::Container::forall_vfunc(int, void (*)(_GtkWidget*, void*), void*)'
StraightsWindow.o:(.rodata._ZTC15StraightsWindow0_N3Gtk6WindowE[vtable for StraightsWindow]+0x258): undefined reference to `Gtk::Container::composite_name_vfunc(_GtkWidget*)'
StraightsWindow.o:(.rodata._ZTC15StraightsWindow0_N3Gtk6WindowE[vtable for StraightsWindow]+0x260): undefined reference to `Gtk::Container::set_child_property_vfunc(_GtkWidget*, unsigned int, _GValue const*, _GParamSpec*)'
StraightsWindow.o:(.rodata._ZTC15StraightsWindow0_N3Gtk6WindowE[vtable for StraightsWindow]+0x268): undefined reference to `Gtk::Container::get_child_property_vfunc(_GtkWidget*, unsigned int, _GValue*, _GParamSpec*) const'
StraightsWindow.o:(.rodata._ZTC15StraightsWindow0_N3Gtk6WindowE[vtable for StraightsWindow]+0x270): undefined reference to `Gtk::Window::on_set_focus(Gtk::Widget*)'
StraightsWindow.o:(.rodata._ZTC15StraightsWindow0_N3Gtk6WindowE[vtable for StraightsWindow]+0x278): undefined reference to `Gtk::Window::on_frame_event(_GdkEvent*)'
StraightsWindow.o:(.rodata._ZTC15StraightsWindow0_N3Gtk6WindowE[vtable for StraightsWindow]+0x280): undefined reference to `Gtk::Window::raise()'
StraightsWindow.o:(.rodata._ZTC15StraightsWindow0_N3Gtk6WindowE[vtable for StraightsWindow]+0x2a0): undefined reference to `typeinfo for Gtk::Window'
StraightsWindow.o:(.rodata._ZTC15StraightsWindow0_N3Gtk6WindowE[vtable for StraightsWindow]+0x2a8): undefined reference to `non-virtual thunk to Gtk::Window::~Window()'
StraightsWindow.o:(.rodata._ZTC15StraightsWindow0_N3Gtk6WindowE[vtable for StraightsWindow]+0x2b0): undefined reference to `non-virtual thunk to Gtk::Window::~Window()'
StraightsWindow.o:(.rodata._ZTC15StraightsWindow0_N3Gtk6WindowE[vtable for StraightsWindow]+0x2b8): undefined reference to `Atk::Implementor::ref_accessibile_vfunc()'
StraightsWindow.o:(.rodata._ZTC15StraightsWindow0_N3Gtk6WindowE[vtable for StraightsWindow]+0x2f8): undefined reference to `typeinfo for Gtk::Window'
StraightsWindow.o:(.rodata._ZTC15StraightsWindow0_N3Gtk6WindowE[vtable for StraightsWindow]+0x300): undefined reference to `virtual thunk to Gtk::Window::~Window()'
StraightsWindow.o:(.rodata._ZTC15StraightsWindow0_N3Gtk6WindowE[vtable for StraightsWindow]+0x308): undefined reference to `virtual thunk to Gtk::Window::~Window()'
StraightsWindow.o:(.rodata._ZTC15StraightsWindow0_N3Gtk6WindowE[vtable for StraightsWindow]+0x310): undefined reference to `Glib::ObjectBase::reference() const'
StraightsWindow.o:(.rodata._ZTC15StraightsWindow0_N3Gtk6WindowE[vtable for StraightsWindow]+0x318): undefined reference to `Glib::ObjectBase::unreference() const'
StraightsWindow.o:(.rodata._ZTC15StraightsWindow0_N3Gtk6WindowE[vtable for StraightsWindow]+0x320): undefined reference to `virtual thunk to Gtk::Object::destroy_notify_()'
StraightsWindow.o:(.rodata._ZTC15StraightsWindow0_N3Gtk6WindowE[vtable for StraightsWindow]+0x328): undefined reference to `virtual thunk to Gtk::Window::set_manage()'
StraightsWindow.o:(.rodata._ZTC15StraightsWindow0_N3Gtk3BinE[vtable for StraightsWindow]+0x18): undefined reference to `typeinfo for Gtk::Bin'
StraightsWindow.o:(.rodata._ZTC15StraightsWindow0_N3Gtk3BinE[vtable for StraightsWindow]+0x20): undefined reference to `Gtk::Bin::~Bin()'
StraightsWindow.o:(.rodata._ZTC15StraightsWindow0_N3Gtk3BinE[vtable for StraightsWindow]+0x28): undefined reference to `Gtk::Bin::~Bin()'
StraightsWindow.o:(.rodata._ZTC15StraightsWindow0_N3Gtk3BinE[vtable for StraightsWindow]+0x30): undefined reference to `Gtk::Object::set_manage()'
StraightsWindow.o:(.rodata._ZTC15StraightsWindow0_N3Gtk3BinE[vtable for StraightsWindow]+0x38): undefined reference to `Gtk::Object::destroy_notify_()'
StraightsWindow.o:(.rodata._ZTC15StraightsWindow0_N3Gtk3BinE[vtable for StraightsWindow]+0x40): undefined reference to `Gtk::Widget::on_show()'
StraightsWindow.o:(.rodata._ZTC15StraightsWindow0_N3Gtk3BinE[vtable for StraightsWindow]+0x48): undefined reference to `Gtk::Widget::on_hide()'
StraightsWindow.o:(.rodata._ZTC15StraightsWindow0_N3Gtk3BinE[vtable for StraightsWindow]+0x50): undefined reference to `Gtk::Widget::on_map()'
StraightsWindow.o:(.rodata._ZTC15StraightsWindow0_N3Gtk3BinE[vtable for StraightsWindow]+0x58): undefined reference to `Gtk::Widget::on_unmap()'
StraightsWindow.o:(.rodata._ZTC15StraightsWindow0_N3Gtk3BinE[vtable for StraightsWindow]+0x60): undefined reference to `Gtk::Widget::on_realize()'
StraightsWindow.o:(.rodata._ZTC15StraightsWindow0_N3Gtk3BinE[vtable for StraightsWindow]+0x68): undefined reference to `Gtk::Widget::on_unrealize()'
StraightsWindow.o:(.rodata._ZTC15StraightsWindow0_N3Gtk3BinE[vtable for StraightsWindow]+0x70): undefined reference to `Gtk::Widget::on_size_request(_GtkRequisition*)'
StraightsWindow.o:(.rodata._ZTC15StraightsWindow0_N3Gtk3BinE[vtable for StraightsWindow]+0x78): undefined reference to `Gtk::Widget::on_size_allocate(Gdk::Rectangle&)'
StraightsWindow.o:(.rodata._ZTC15StraightsWindow0_N3Gtk3BinE[vtable for StraightsWindow]+0x80): undefined reference to `Gtk::Widget::on_state_changed(Gtk::StateType)'
StraightsWindow.o:(.rodata._ZTC15StraightsWindow0_N3Gtk3BinE[vtable for StraightsWindow]+0x88): undefined reference to `Gtk::Widget::on_parent_changed(Gtk::Widget*)'
StraightsWindow.o:(.rodata._ZTC15StraightsWindow0_N3Gtk3BinE[vtable for StraightsWindow]+0x90): undefined reference to `Gtk::Widget::on_hierarchy_changed(Gtk::Widget*)'
StraightsWindow.o:(.rodata._ZTC15StraightsWindow0_N3Gtk3BinE[vtable for StraightsWindow]+0x98): undefined reference to `Gtk::Widget::on_style_changed(Glib::RefPtr<Gtk::Style> const&)'
StraightsWindow.o:(.rodata._ZTC15StraightsWindow0_N3Gtk3BinE[vtable for StraightsWindow]+0xa0): undefined reference to `Gtk::Widget::on_direction_changed(Gtk::TextDirection)'
StraightsWindow.o:(.rodata._ZTC15StraightsWindow0_N3Gtk3BinE[vtable for StraightsWindow]+0xa8): undefined reference to `Gtk::Widget::on_grab_notify(bool)'
StraightsWindow.o:(.rodata._ZTC15StraightsWindow0_N3Gtk3BinE[vtable for StraightsWindow]+0xb0): undefined reference to `Gtk::Widget::on_child_notify(_GParamSpec*)'
StraightsWindow.o:(.rodata._ZTC15StraightsWindow0_N3Gtk3BinE[vtable for StraightsWindow]+0xb8): undefined reference to `Gtk::Widget::on_mnemonic_activate(bool)'
StraightsWindow.o:(.rodata._ZTC15StraightsWindow0_N3Gtk3BinE[vtable for StraightsWindow]+0xc0): undefined reference to `Gtk::Widget::on_grab_focus()'
StraightsWindow.o:(.rodata._ZTC15StraightsWindow0_N3Gtk3BinE[vtable for StraightsWindow]+0xc8): undefined reference to `Gtk::Widget::on_focus(Gtk::DirectionType)'
StraightsWindow.o:(.rodata._ZTC15StraightsWindow0_N3Gtk3BinE[vtable for StraightsWindow]+0xd0): undefined reference to `Gtk::Widget::on_event(_GdkEvent*)'
StraightsWindow.o:(.rodata._ZTC15StraightsWindow0_N3Gtk3BinE[vtable for StraightsWindow]+0xd8): undefined reference to `Gtk::Widget::on_button_press_event(_GdkEventButton*)'
StraightsWindow.o:(.rodata._ZTC15StraightsWindow0_N3Gtk3BinE[vtable for StraightsWindow]+0xe0): undefined reference to `Gtk::Widget::on_button_release_event(_GdkEventButton*)'
StraightsWindow.o:(.rodata._ZTC15StraightsWindow0_N3Gtk3BinE[vtable for StraightsWindow]+0xe8): undefined reference to `Gtk::Widget::on_scroll_event(_GdkEventScroll*)'
StraightsWindow.o:(.rodata._ZTC15StraightsWindow0_N3Gtk3BinE[vtable for StraightsWindow]+0xf0): undefined reference to `Gtk::Widget::on_motion_notify_event(_GdkEventMotion*)'
StraightsWindow.o:(.rodata._ZTC15StraightsWindow0_N3Gtk3BinE[vtable for StraightsWindow]+0xf8): undefined reference to `Gtk::Widget::on_delete_event(_GdkEventAny*)'
StraightsWindow.o:(.rodata._ZTC15StraightsWindow0_N3Gtk3BinE[vtable for StraightsWindow]+0x100): undefined reference to `Gtk::Widget::on_expose_event(_GdkEventExpose*)'
StraightsWindow.o:(.rodata._ZTC15StraightsWindow0_N3Gtk3BinE[vtable for StraightsWindow]+0x108): undefined reference to `Gtk::Widget::on_key_press_event(_GdkEventKey*)'
StraightsWindow.o:(.rodata._ZTC15StraightsWindow0_N3Gtk3BinE[vtable for StraightsWindow]+0x110): undefined reference to `Gtk::Widget::on_key_release_event(_GdkEventKey*)'
StraightsWindow.o:(.rodata._ZTC15StraightsWindow0_N3Gtk3BinE[vtable for StraightsWindow]+0x118): undefined reference to `Gtk::Widget::on_enter_notify_event(_GdkEventCrossing*)'
StraightsWindow.o:(.rodata._ZTC15StraightsWindow0_N3Gtk3BinE[vtable for StraightsWindow]+0x120): undefined reference to `Gtk::Widget::on_leave_notify_event(_GdkEventCrossing*)'
StraightsWindow.o:(.rodata._ZTC15StraightsWindow0_N3Gtk3BinE[vtable for StraightsWindow]+0x128): undefined reference to `Gtk::Widget::on_configure_event(_GdkEventConfigure*)'
StraightsWindow.o:(.rodata._ZTC15StraightsWindow0_N3Gtk3BinE[vtable for StraightsWindow]+0x130): undefined reference to `Gtk::Widget::on_focus_in_event(_GdkEventFocus*)'
StraightsWindow.o:(.rodata._ZTC15StraightsWindow0_N3Gtk3BinE[vtable for StraightsWindow]+0x138): undefined reference to `Gtk::Widget::on_focus_out_event(_GdkEventFocus*)'
StraightsWindow.o:(.rodata._ZTC15StraightsWindow0_N3Gtk3BinE[vtable for StraightsWindow]+0x140): undefined reference to `Gtk::Widget::on_map_event(_GdkEventAny*)'
StraightsWindow.o:(.rodata._ZTC15StraightsWindow0_N3Gtk3BinE[vtable for StraightsWindow]+0x148): undefined reference to `Gtk::Widget::on_unmap_event(_GdkEventAny*)'
StraightsWindow.o:(.rodata._ZTC15StraightsWindow0_N3Gtk3BinE[vtable for StraightsWindow]+0x150): undefined reference to `Gtk::Widget::on_property_notify_event(_GdkEventProperty*)'
StraightsWindow.o:(.rodata._ZTC15StraightsWindow0_N3Gtk3BinE[vtable for StraightsWindow]+0x158): undefined reference to `Gtk::Widget::on_selection_clear_event(_GdkEventSelection*)'
StraightsWindow.o:(.rodata._ZTC15StraightsWindow0_N3Gtk3BinE[vtable for StraightsWindow]+0x160): undefined reference to `Gtk::Widget::on_selection_request_event(_GdkEventSelection*)'
StraightsWindow.o:(.rodata._ZTC15StraightsWindow0_N3Gtk3BinE[vtable for StraightsWindow]+0x168): undefined reference to `Gtk::Widget::on_selection_notify_event(_GdkEventSelection*)'
StraightsWindow.o:(.rodata._ZTC15StraightsWindow0_N3Gtk3BinE[vtable for StraightsWindow]+0x170): undefined reference to `Gtk::Widget::on_proximity_in_event(_GdkEventProximity*)'
StraightsWindow.o:(.rodata._ZTC15StraightsWindow0_N3Gtk3BinE[vtable for StraightsWindow]+0x178): undefined reference to `Gtk::Widget::on_proximity_out_event(_GdkEventProximity*)'
StraightsWindow.o:(.rodata._ZTC15StraightsWindow0_N3Gtk3BinE[vtable for StraightsWindow]+0x180): undefined reference to `Gtk::Widget::on_visibility_notify_event(_GdkEventVisibility*)'
StraightsWindow.o:(.rodata._ZTC15StraightsWindow0_N3Gtk3BinE[vtable for StraightsWindow]+0x188): undefined reference to `Gtk::Widget::on_client_event(_GdkEventClient*)'
StraightsWindow.o:(.rodata._ZTC15StraightsWindow0_N3Gtk3BinE[vtable for StraightsWindow]+0x190): undefined reference to `Gtk::Widget::on_no_expose_event(_GdkEventAny*)'
StraightsWindow.o:(.rodata._ZTC15StraightsWindow0_N3Gtk3BinE[vtable for StraightsWindow]+0x198): undefined reference to `Gtk::Widget::on_window_state_event(_GdkEventWindowState*)'
StraightsWindow.o:(.rodata._ZTC15StraightsWindow0_N3Gtk3BinE[vtable for StraightsWindow]+0x1a0): undefined reference to `Gtk::Widget::on_selection_get(Gtk::SelectionData&, unsigned int, unsigned int)'
StraightsWindow.o:(.rodata._ZTC15StraightsWindow0_N3Gtk3BinE[vtable for StraightsWindow]+0x1a8): undefined reference to `Gtk::Widget::on_selection_received(Gtk::SelectionData const&, unsigned int)'
StraightsWindow.o:(.rodata._ZTC15StraightsWindow0_N3Gtk3BinE[vtable for StraightsWindow]+0x1b0): undefined reference to `Gtk::Widget::on_drag_begin(Glib::RefPtr<Gdk::DragContext> const&)'
StraightsWindow.o:(.rodata._ZTC15StraightsWindow0_N3Gtk3BinE[vtable for StraightsWindow]+0x1b8): undefined reference to `Gtk::Widget::on_drag_end(Glib::RefPtr<Gdk::DragContext> const&)'
StraightsWindow.o:(.rodata._ZTC15StraightsWindow0_N3Gtk3BinE[vtable for StraightsWindow]+0x1c0): undefined reference to `Gtk::Widget::on_drag_data_get(Glib::RefPtr<Gdk::DragContext> const&, Gtk::SelectionData&, unsigned int, unsigned int)'
StraightsWindow.o:(.rodata._ZTC15StraightsWindow0_N3Gtk3BinE[vtable for StraightsWindow]+0x1c8): undefined reference to `Gtk::Widget::on_drag_data_delete(Glib::RefPtr<Gdk::DragContext> const&)'
StraightsWindow.o:(.rodata._ZTC15StraightsWindow0_N3Gtk3BinE[vtable for StraightsWindow]+0x1d0): undefined reference to `Gtk::Widget::on_drag_leave(Glib::RefPtr<Gdk::DragContext> const&, unsigned int)'
StraightsWindow.o:(.rodata._ZTC15StraightsWindow0_N3Gtk3BinE[vtable for StraightsWindow]+0x1d8): undefined reference to `Gtk::Widget::on_drag_motion(Glib::RefPtr<Gdk::DragContext> const&, int, int, unsigned int)'
StraightsWindow.o:(.rodata._ZTC15StraightsWindow0_N3Gtk3BinE[vtable for StraightsWindow]+0x1e0): undefined reference to `Gtk::Widget::on_drag_drop(Glib::RefPtr<Gdk::DragContext> const&, int, int, unsigned int)'
StraightsWindow.o:(.rodata._ZTC15StraightsWindow0_N3Gtk3BinE[vtable for StraightsWindow]+0x1e8): undefined reference to `Gtk::Widget::on_drag_data_received(Glib::RefPtr<Gdk::DragContext> const&, int, int, Gtk::SelectionData const&, unsigned int, unsigned int)'
StraightsWindow.o:(.rodata._ZTC15StraightsWindow0_N3Gtk3BinE[vtable for StraightsWindow]+0x1f0): undefined reference to `Gtk::Widget::on_get_accessible()'
StraightsWindow.o:(.rodata._ZTC15StraightsWindow0_N3Gtk3BinE[vtable for StraightsWindow]+0x1f8): undefined reference to `Gtk::Widget::on_screen_changed(Glib::RefPtr<Gdk::Screen> const&)'
StraightsWindow.o:(.rodata._ZTC15StraightsWindow0_N3Gtk3BinE[vtable for StraightsWindow]+0x200): undefined reference to `Gtk::Widget::dispatch_child_properties_changed_vfunc(unsigned int, _GParamSpec**)'
StraightsWindow.o:(.rodata._ZTC15StraightsWindow0_N3Gtk3BinE[vtable for StraightsWindow]+0x208): undefined reference to `Gtk::Widget::show_all_vfunc()'
StraightsWindow.o:(.rodata._ZTC15StraightsWindow0_N3Gtk3BinE[vtable for StraightsWindow]+0x210): undefined reference to `Gtk::Widget::hide_all_vfunc()'
StraightsWindow.o:(.rodata._ZTC15StraightsWindow0_N3Gtk3BinE[vtable for StraightsWindow]+0x218): undefined reference to `Gtk::Widget::get_accessible_vfunc()'
StraightsWindow.o:(.rodata._ZTC15StraightsWindow0_N3Gtk3BinE[vtable for StraightsWindow]+0x220): undefined reference to `Gtk::Container::on_add(Gtk::Widget*)'
StraightsWindow.o:(.rodata._ZTC15StraightsWindow0_N3Gtk3BinE[vtable for StraightsWindow]+0x228): undefined reference to `Gtk::Container::on_remove(Gtk::Widget*)'
StraightsWindow.o:(.rodata._ZTC15StraightsWindow0_N3Gtk3BinE[vtable for StraightsWindow]+0x230): undefined reference to `Gtk::Container::on_check_resize()'
StraightsWindow.o:(.rodata._ZTC15StraightsWindow0_N3Gtk3BinE[vtable for StraightsWindow]+0x238): undefined reference to `Gtk::Container::on_set_focus_child(Gtk::Widget*)'
StraightsWindow.o:(.rodata._ZTC15StraightsWindow0_N3Gtk3BinE[vtable for StraightsWindow]+0x240): undefined reference to `Gtk::Container::add(Gtk::Widget&)'
StraightsWindow.o:(.rodata._ZTC15StraightsWindow0_N3Gtk3BinE[vtable for StraightsWindow]+0x248): undefined reference to `Gtk::Container::child_type_vfunc() const'
StraightsWindow.o:(.rodata._ZTC15StraightsWindow0_N3Gtk3BinE[vtable for StraightsWindow]+0x250): undefined reference to `Gtk::Container::forall_vfunc(int, void (*)(_GtkWidget*, void*), void*)'
StraightsWindow.o:(.rodata._ZTC15StraightsWindow0_N3Gtk3BinE[vtable for StraightsWindow]+0x258): undefined reference to `Gtk::Container::composite_name_vfunc(_GtkWidget*)'
StraightsWindow.o:(.rodata._ZTC15StraightsWindow0_N3Gtk3BinE[vtable for StraightsWindow]+0x260): undefined reference to `Gtk::Container::set_child_property_vfunc(_GtkWidget*, unsigned int, _GValue const*, _GParamSpec*)'
StraightsWindow.o:(.rodata._ZTC15StraightsWindow0_N3Gtk3BinE[vtable for StraightsWindow]+0x268): undefined reference to `Gtk::Container::get_child_property_vfunc(_GtkWidget*, unsigned int, _GValue*, _GParamSpec*) const'
StraightsWindow.o:(.rodata._ZTC15StraightsWindow0_N3Gtk3BinE[vtable for StraightsWindow]+0x288): undefined reference to `typeinfo for Gtk::Bin'
StraightsWindow.o:(.rodata._ZTC15StraightsWindow0_N3Gtk3BinE[vtable for StraightsWindow]+0x290): undefined reference to `non-virtual thunk to Gtk::Bin::~Bin()'
StraightsWindow.o:(.rodata._ZTC15StraightsWindow0_N3Gtk3BinE[vtable for StraightsWindow]+0x298): undefined reference to `non-virtual thunk to Gtk::Bin::~Bin()'
StraightsWindow.o:(.rodata._ZTC15StraightsWindow0_N3Gtk3BinE[vtable for StraightsWindow]+0x2a0): undefined reference to `Atk::Implementor::ref_accessibile_vfunc()'
StraightsWindow.o:(.rodata._ZTC15StraightsWindow0_N3Gtk3BinE[vtable for StraightsWindow]+0x2e0): undefined reference to `typeinfo for Gtk::Bin'
StraightsWindow.o:(.rodata._ZTC15StraightsWindow0_N3Gtk3BinE[vtable for StraightsWindow]+0x2e8): undefined reference to `virtual thunk to Gtk::Bin::~Bin()'
StraightsWindow.o:(.rodata._ZTC15StraightsWindow0_N3Gtk3BinE[vtable for StraightsWindow]+0x2f0): undefined reference to `virtual thunk to Gtk::Bin::~Bin()'
StraightsWindow.o:(.rodata._ZTC15StraightsWindow0_N3Gtk3BinE[vtable for StraightsWindow]+0x2f8): undefined reference to `Glib::ObjectBase::reference() const'
StraightsWindow.o:(.rodata._ZTC15StraightsWindow0_N3Gtk3BinE[vtable for StraightsWindow]+0x300): undefined reference to `Glib::ObjectBase::unreference() const'
StraightsWindow.o:(.rodata._ZTC15StraightsWindow0_N3Gtk3BinE[vtable for StraightsWindow]+0x308): undefined reference to `virtual thunk to Gtk::Object::destroy_notify_()'
StraightsWindow.o:(.rodata._ZTC15StraightsWindow0_N3Gtk3BinE[vtable for StraightsWindow]+0x310): undefined reference to `virtual thunk to Gtk::Object::set_manage()'
StraightsWindow.o:(.rodata._ZTC15StraightsWindow0_N3Gtk9ContainerE[vtable for StraightsWindow]+0x18): undefined reference to `typeinfo for Gtk::Container'
StraightsWindow.o:(.rodata._ZTC15StraightsWindow0_N3Gtk9ContainerE[vtable for StraightsWindow]+0x20): undefined reference to `Gtk::Container::~Container()'
StraightsWindow.o:(.rodata._ZTC15StraightsWindow0_N3Gtk9ContainerE[vtable for StraightsWindow]+0x28): undefined reference to `Gtk::Container::~Container()'
StraightsWindow.o:(.rodata._ZTC15StraightsWindow0_N3Gtk9ContainerE[vtable for StraightsWindow]+0x30): undefined reference to `Gtk::Object::set_manage()'
StraightsWindow.o:(.rodata._ZTC15StraightsWindow0_N3Gtk9ContainerE[vtable for StraightsWindow]+0x38): undefined reference to `Gtk::Object::destroy_notify_()'
StraightsWindow.o:(.rodata._ZTC15StraightsWindow0_N3Gtk9ContainerE[vtable for StraightsWindow]+0x40): undefined reference to `Gtk::Widget::on_show()'
StraightsWindow.o:(.rodata._ZTC15StraightsWindow0_N3Gtk9ContainerE[vtable for StraightsWindow]+0x48): undefined reference to `Gtk::Widget::on_hide()'
StraightsWindow.o:(.rodata._ZTC15StraightsWindow0_N3Gtk9ContainerE[vtable for StraightsWindow]+0x50): undefined reference to `Gtk::Widget::on_map()'
StraightsWindow.o:(.rodata._ZTC15StraightsWindow0_N3Gtk9ContainerE[vtable for StraightsWindow]+0x58): undefined reference to `Gtk::Widget::on_unmap()'
StraightsWindow.o:(.rodata._ZTC15StraightsWindow0_N3Gtk9ContainerE[vtable for StraightsWindow]+0x60): undefined reference to `Gtk::Widget::on_realize()'
StraightsWindow.o:(.rodata._ZTC15StraightsWindow0_N3Gtk9ContainerE[vtable for StraightsWindow]+0x68): undefined reference to `Gtk::Widget::on_unrealize()'
StraightsWindow.o:(.rodata._ZTC15StraightsWindow0_N3Gtk9ContainerE[vtable for StraightsWindow]+0x70): undefined reference to `Gtk::Widget::on_size_request(_GtkRequisition*)'
StraightsWindow.o:(.rodata._ZTC15StraightsWindow0_N3Gtk9ContainerE[vtable for StraightsWindow]+0x78): undefined reference to `Gtk::Widget::on_size_allocate(Gdk::Rectangle&)'
StraightsWindow.o:(.rodata._ZTC15StraightsWindow0_N3Gtk9ContainerE[vtable for StraightsWindow]+0x80): undefined reference to `Gtk::Widget::on_state_changed(Gtk::StateType)'
StraightsWindow.o:(.rodata._ZTC15StraightsWindow0_N3Gtk9ContainerE[vtable for StraightsWindow]+0x88): undefined reference to `Gtk::Widget::on_parent_changed(Gtk::Widget*)'
StraightsWindow.o:(.rodata._ZTC15StraightsWindow0_N3Gtk9ContainerE[vtable for StraightsWindow]+0x90): undefined reference to `Gtk::Widget::on_hierarchy_changed(Gtk::Widget*)'
StraightsWindow.o:(.rodata._ZTC15StraightsWindow0_N3Gtk9ContainerE[vtable for StraightsWindow]+0x98): undefined reference to `Gtk::Widget::on_style_changed(Glib::RefPtr<Gtk::Style> const&)'
StraightsWindow.o:(.rodata._ZTC15StraightsWindow0_N3Gtk9ContainerE[vtable for StraightsWindow]+0xa0): undefined reference to `Gtk::Widget::on_direction_changed(Gtk::TextDirection)'
StraightsWindow.o:(.rodata._ZTC15StraightsWindow0_N3Gtk9ContainerE[vtable for StraightsWindow]+0xa8): undefined reference to `Gtk::Widget::on_grab_notify(bool)'
StraightsWindow.o:(.rodata._ZTC15StraightsWindow0_N3Gtk9ContainerE[vtable for StraightsWindow]+0xb0): undefined reference to `Gtk::Widget::on_child_notify(_GParamSpec*)'
StraightsWindow.o:(.rodata._ZTC15StraightsWindow0_N3Gtk9ContainerE[vtable for StraightsWindow]+0xb8): undefined reference to `Gtk::Widget::on_mnemonic_activate(bool)'
StraightsWindow.o:(.rodata._ZTC15StraightsWindow0_N3Gtk9ContainerE[vtable for StraightsWindow]+0xc0): undefined reference to `Gtk::Widget::on_grab_focus()'
StraightsWindow.o:(.rodata._ZTC15StraightsWindow0_N3Gtk9ContainerE[vtable for StraightsWindow]+0xc8): undefined reference to `Gtk::Widget::on_focus(Gtk::DirectionType)'
StraightsWindow.o:(.rodata._ZTC15StraightsWindow0_N3Gtk9ContainerE[vtable for StraightsWindow]+0xd0): undefined reference to `Gtk::Widget::on_event(_GdkEvent*)'
StraightsWindow.o:(.rodata._ZTC15StraightsWindow0_N3Gtk9ContainerE[vtable for StraightsWindow]+0xd8): undefined reference to `Gtk::Widget::on_button_press_event(_GdkEventButton*)'
StraightsWindow.o:(.rodata._ZTC15StraightsWindow0_N3Gtk9ContainerE[vtable for StraightsWindow]+0xe0): undefined reference to `Gtk::Widget::on_button_release_event(_GdkEventButton*)'
StraightsWindow.o:(.rodata._ZTC15StraightsWindow0_N3Gtk9ContainerE[vtable for StraightsWindow]+0xe8): undefined reference to `Gtk::Widget::on_scroll_event(_GdkEventScroll*)'
StraightsWindow.o:(.rodata._ZTC15StraightsWindow0_N3Gtk9ContainerE[vtable for StraightsWindow]+0xf0): undefined reference to `Gtk::Widget::on_motion_notify_event(_GdkEventMotion*)'
StraightsWindow.o:(.rodata._ZTC15StraightsWindow0_N3Gtk9ContainerE[vtable for StraightsWindow]+0xf8): undefined reference to `Gtk::Widget::on_delete_event(_GdkEventAny*)'
StraightsWindow.o:(.rodata._ZTC15StraightsWindow0_N3Gtk9ContainerE[vtable for StraightsWindow]+0x100): undefined reference to `Gtk::Widget::on_expose_event(_GdkEventExpose*)'
StraightsWindow.o:(.rodata._ZTC15StraightsWindow0_N3Gtk9ContainerE[vtable for StraightsWindow]+0x108): undefined reference to `Gtk::Widget::on_key_press_event(_GdkEventKey*)'
StraightsWindow.o:(.rodata._ZTC15StraightsWindow0_N3Gtk9ContainerE[vtable for StraightsWindow]+0x110): undefined reference to `Gtk::Widget::on_key_release_event(_GdkEventKey*)'
StraightsWindow.o:(.rodata._ZTC15StraightsWindow0_N3Gtk9ContainerE[vtable for StraightsWindow]+0x118): undefined reference to `Gtk::Widget::on_enter_notify_event(_GdkEventCrossing*)'
StraightsWindow.o:(.rodata._ZTC15StraightsWindow0_N3Gtk9ContainerE[vtable for StraightsWindow]+0x120): undefined reference to `Gtk::Widget::on_leave_notify_event(_GdkEventCrossing*)'
StraightsWindow.o:(.rodata._ZTC15StraightsWindow0_N3Gtk9ContainerE[vtable for StraightsWindow]+0x128): undefined reference to `Gtk::Widget::on_configure_event(_GdkEventConfigure*)'
StraightsWindow.o:(.rodata._ZTC15StraightsWindow0_N3Gtk9ContainerE[vtable for StraightsWindow]+0x130): undefined reference to `Gtk::Widget::on_focus_in_event(_GdkEventFocus*)'
StraightsWindow.o:(.rodata._ZTC15StraightsWindow0_N3Gtk9ContainerE[vtable for StraightsWindow]+0x138): undefined reference to `Gtk::Widget::on_focus_out_event(_GdkEventFocus*)'
StraightsWindow.o:(.rodata._ZTC15StraightsWindow0_N3Gtk9ContainerE[vtable for StraightsWindow]+0x140): undefined reference to `Gtk::Widget::on_map_event(_GdkEventAny*)'
StraightsWindow.o:(.rodata._ZTC15StraightsWindow0_N3Gtk9ContainerE[vtable for StraightsWindow]+0x148): undefined reference to `Gtk::Widget::on_unmap_event(_GdkEventAny*)'
StraightsWindow.o:(.rodata._ZTC15StraightsWindow0_N3Gtk9ContainerE[vtable for StraightsWindow]+0x150): undefined reference to `Gtk::Widget::on_property_notify_event(_GdkEventProperty*)'
StraightsWindow.o:(.rodata._ZTC15StraightsWindow0_N3Gtk9ContainerE[vtable for StraightsWindow]+0x158): undefined reference to `Gtk::Widget::on_selection_clear_event(_GdkEventSelection*)'
StraightsWindow.o:(.rodata._ZTC15StraightsWindow0_N3Gtk9ContainerE[vtable for StraightsWindow]+0x160): undefined reference to `Gtk::Widget::on_selection_request_event(_GdkEventSelection*)'
StraightsWindow.o:(.rodata._ZTC15StraightsWindow0_N3Gtk9ContainerE[vtable for StraightsWindow]+0x168): undefined reference to `Gtk::Widget::on_selection_notify_event(_GdkEventSelection*)'
StraightsWindow.o:(.rodata._ZTC15StraightsWindow0_N3Gtk9ContainerE[vtable for StraightsWindow]+0x170): undefined reference to `Gtk::Widget::on_proximity_in_event(_GdkEventProximity*)'
StraightsWindow.o:(.rodata._ZTC15StraightsWindow0_N3Gtk9ContainerE[vtable for StraightsWindow]+0x178): undefined reference to `Gtk::Widget::on_proximity_out_event(_GdkEventProximity*)'
StraightsWindow.o:(.rodata._ZTC15StraightsWindow0_N3Gtk9ContainerE[vtable for StraightsWindow]+0x180): undefined reference to `Gtk::Widget::on_visibility_notify_event(_GdkEventVisibility*)'
StraightsWindow.o:(.rodata._ZTC15StraightsWindow0_N3Gtk9ContainerE[vtable for StraightsWindow]+0x188): undefined reference to `Gtk::Widget::on_client_event(_GdkEventClient*)'
StraightsWindow.o:(.rodata._ZTC15StraightsWindow0_N3Gtk9ContainerE[vtable for StraightsWindow]+0x190): undefined reference to `Gtk::Widget::on_no_expose_event(_GdkEventAny*)'
StraightsWindow.o:(.rodata._ZTC15StraightsWindow0_N3Gtk9ContainerE[vtable for StraightsWindow]+0x198): undefined reference to `Gtk::Widget::on_window_state_event(_GdkEventWindowState*)'
StraightsWindow.o:(.rodata._ZTC15StraightsWindow0_N3Gtk9ContainerE[vtable for StraightsWindow]+0x1a0): undefined reference to `Gtk::Widget::on_selection_get(Gtk::SelectionData&, unsigned int, unsigned int)'
StraightsWindow.o:(.rodata._ZTC15StraightsWindow0_N3Gtk9ContainerE[vtable for StraightsWindow]+0x1a8): undefined reference to `Gtk::Widget::on_selection_received(Gtk::SelectionData const&, unsigned int)'
StraightsWindow.o:(.rodata._ZTC15StraightsWindow0_N3Gtk9ContainerE[vtable for StraightsWindow]+0x1b0): undefined reference to `Gtk::Widget::on_drag_begin(Glib::RefPtr<Gdk::DragContext> const&)'
StraightsWindow.o:(.rodata._ZTC15StraightsWindow0_N3Gtk9ContainerE[vtable for StraightsWindow]+0x1b8): undefined reference to `Gtk::Widget::on_drag_end(Glib::RefPtr<Gdk::DragContext> const&)'
StraightsWindow.o:(.rodata._ZTC15StraightsWindow0_N3Gtk9ContainerE[vtable for StraightsWindow]+0x1c0): undefined reference to `Gtk::Widget::on_drag_data_get(Glib::RefPtr<Gdk::DragContext> const&, Gtk::SelectionData&, unsigned int, unsigned int)'
StraightsWindow.o:(.rodata._ZTC15StraightsWindow0_N3Gtk9ContainerE[vtable for StraightsWindow]+0x1c8): undefined reference to `Gtk::Widget::on_drag_data_delete(Glib::RefPtr<Gdk::DragContext> const&)'
StraightsWindow.o:(.rodata._ZTC15StraightsWindow0_N3Gtk9ContainerE[vtable for StraightsWindow]+0x1d0): undefined reference to `Gtk::Widget::on_drag_leave(Glib::RefPtr<Gdk::DragContext> const&, unsigned int)'
StraightsWindow.o:(.rodata._ZTC15StraightsWindow0_N3Gtk9ContainerE[vtable for StraightsWindow]+0x1d8): undefined reference to `Gtk::Widget::on_drag_motion(Glib::RefPtr<Gdk::DragContext> const&, int, int, unsigned int)'
StraightsWindow.o:(.rodata._ZTC15StraightsWindow0_N3Gtk9ContainerE[vtable for StraightsWindow]+0x1e0): undefined reference to `Gtk::Widget::on_drag_drop(Glib::RefPtr<Gdk::DragContext> const&, int, int, unsigned int)'
StraightsWindow.o:(.rodata._ZTC15StraightsWindow0_N3Gtk9ContainerE[vtable for StraightsWindow]+0x1e8): undefined reference to `Gtk::Widget::on_drag_data_received(Glib::RefPtr<Gdk::DragContext> const&, int, int, Gtk::SelectionData const&, unsigned int, unsigned int)'
StraightsWindow.o:(.rodata._ZTC15StraightsWindow0_N3Gtk9ContainerE[vtable for StraightsWindow]+0x1f0): undefined reference to `Gtk::Widget::on_get_accessible()'
StraightsWindow.o:(.rodata._ZTC15StraightsWindow0_N3Gtk9ContainerE[vtable for StraightsWindow]+0x1f8): undefined reference to `Gtk::Widget::on_screen_changed(Glib::RefPtr<Gdk::Screen> const&)'
StraightsWindow.o:(.rodata._ZTC15StraightsWindow0_N3Gtk9ContainerE[vtable for StraightsWindow]+0x200): undefined reference to `Gtk::Widget::dispatch_child_properties_changed_vfunc(unsigned int, _GParamSpec**)'
StraightsWindow.o:(.rodata._ZTC15StraightsWindow0_N3Gtk9ContainerE[vtable for StraightsWindow]+0x208): undefined reference to `Gtk::Widget::show_all_vfunc()'
StraightsWindow.o:(.rodata._ZTC15StraightsWindow0_N3Gtk9ContainerE[vtable for StraightsWindow]+0x210): undefined reference to `Gtk::Widget::hide_all_vfunc()'
StraightsWindow.o:(.rodata._ZTC15StraightsWindow0_N3Gtk9ContainerE[vtable for StraightsWindow]+0x218): undefined reference to `Gtk::Widget::get_accessible_vfunc()'
StraightsWindow.o:(.rodata._ZTC15StraightsWindow0_N3Gtk9ContainerE[vtable for StraightsWindow]+0x220): undefined reference to `Gtk::Container::on_add(Gtk::Widget*)'
StraightsWindow.o:(.rodata._ZTC15StraightsWindow0_N3Gtk9ContainerE[vtable for StraightsWindow]+0x228): undefined reference to `Gtk::Container::on_remove(Gtk::Widget*)'
StraightsWindow.o:(.rodata._ZTC15StraightsWindow0_N3Gtk9ContainerE[vtable for StraightsWindow]+0x230): undefined reference to `Gtk::Container::on_check_resize()'
StraightsWindow.o:(.rodata._ZTC15StraightsWindow0_N3Gtk9ContainerE[vtable for StraightsWindow]+0x238): undefined reference to `Gtk::Container::on_set_focus_child(Gtk::Widget*)'
StraightsWindow.o:(.rodata._ZTC15StraightsWindow0_N3Gtk9ContainerE[vtable for StraightsWindow]+0x240): undefined reference to `Gtk::Container::add(Gtk::Widget&)'
StraightsWindow.o:(.rodata._ZTC15StraightsWindow0_N3Gtk9ContainerE[vtable for StraightsWindow]+0x248): undefined reference to `Gtk::Container::child_type_vfunc() const'
StraightsWindow.o:(.rodata._ZTC15StraightsWindow0_N3Gtk9ContainerE[vtable for StraightsWindow]+0x250): undefined reference to `Gtk::Container::forall_vfunc(int, void (*)(_GtkWidget*, void*), void*)'
StraightsWindow.o:(.rodata._ZTC15StraightsWindow0_N3Gtk9ContainerE[vtable for StraightsWindow]+0x258): undefined reference to `Gtk::Container::composite_name_vfunc(_GtkWidget*)'
StraightsWindow.o:(.rodata._ZTC15StraightsWindow0_N3Gtk9ContainerE[vtable for StraightsWindow]+0x260): undefined reference to `Gtk::Container::set_child_property_vfunc(_GtkWidget*, unsigned int, _GValue const*, _GParamSpec*)'
StraightsWindow.o:(.rodata._ZTC15StraightsWindow0_N3Gtk9ContainerE[vtable for StraightsWindow]+0x268): undefined reference to `Gtk::Container::get_child_property_vfunc(_GtkWidget*, unsigned int, _GValue*, _GParamSpec*) const'
StraightsWindow.o:(.rodata._ZTC15StraightsWindow0_N3Gtk9ContainerE[vtable for StraightsWindow]+0x288): undefined reference to `typeinfo for Gtk::Container'
StraightsWindow.o:(.rodata._ZTC15StraightsWindow0_N3Gtk9ContainerE[vtable for StraightsWindow]+0x290): undefined reference to `non-virtual thunk to Gtk::Container::~Container()'
StraightsWindow.o:(.rodata._ZTC15StraightsWindow0_N3Gtk9ContainerE[vtable for StraightsWindow]+0x298): undefined reference to `non-virtual thunk to Gtk::Container::~Container()'
StraightsWindow.o:(.rodata._ZTC15StraightsWindow0_N3Gtk9ContainerE[vtable for StraightsWindow]+0x2a0): undefined reference to `Atk::Implementor::ref_accessibile_vfunc()'
StraightsWindow.o:(.rodata._ZTC15StraightsWindow0_N3Gtk9ContainerE[vtable for StraightsWindow]+0x2e0): undefined reference to `typeinfo for Gtk::Container'
StraightsWindow.o:(.rodata._ZTC15StraightsWindow0_N3Gtk9ContainerE[vtable for StraightsWindow]+0x2e8): undefined reference to `virtual thunk to Gtk::Container::~Container()'
StraightsWindow.o:(.rodata._ZTC15StraightsWindow0_N3Gtk9ContainerE[vtable for StraightsWindow]+0x2f0): undefined reference to `virtual thunk to Gtk::Container::~Container()'
StraightsWindow.o:(.rodata._ZTC15StraightsWindow0_N3Gtk9ContainerE[vtable for StraightsWindow]+0x2f8): undefined reference to `Glib::ObjectBase::reference() const'
StraightsWindow.o:(.rodata._ZTC15StraightsWindow0_N3Gtk9ContainerE[vtable for StraightsWindow]+0x300): undefined reference to `Glib::ObjectBase::unreference() const'
StraightsWindow.o:(.rodata._ZTC15StraightsWindow0_N3Gtk9ContainerE[vtable for StraightsWindow]+0x308): undefined reference to `virtual thunk to Gtk::Object::destroy_notify_()'
StraightsWindow.o:(.rodata._ZTC15StraightsWindow0_N3Gtk9ContainerE[vtable for StraightsWindow]+0x310): undefined reference to `virtual thunk to Gtk::Object::set_manage()'
StraightsWindow.o:(.rodata._ZTC15StraightsWindow0_N3Gtk6WidgetE[vtable for StraightsWindow]+0x18): undefined reference to `typeinfo for Gtk::Widget'
StraightsWindow.o:(.rodata._ZTC15StraightsWindow0_N3Gtk6WidgetE[vtable for StraightsWindow]+0x20): undefined reference to `Gtk::Widget::~Widget()'
StraightsWindow.o:(.rodata._ZTC15StraightsWindow0_N3Gtk6WidgetE[vtable for StraightsWindow]+0x28): undefined reference to `Gtk::Widget::~Widget()'
StraightsWindow.o:(.rodata._ZTC15StraightsWindow0_N3Gtk6WidgetE[vtable for StraightsWindow]+0x30): undefined reference to `Gtk::Object::set_manage()'
StraightsWindow.o:(.rodata._ZTC15StraightsWindow0_N3Gtk6WidgetE[vtable for StraightsWindow]+0x38): undefined reference to `Gtk::Object::destroy_notify_()'
StraightsWindow.o:(.rodata._ZTC15StraightsWindow0_N3Gtk6WidgetE[vtable for StraightsWindow]+0x40): undefined reference to `Gtk::Widget::on_show()'
StraightsWindow.o:(.rodata._ZTC15StraightsWindow0_N3Gtk6WidgetE[vtable for StraightsWindow]+0x48): undefined reference to `Gtk::Widget::on_hide()'
StraightsWindow.o:(.rodata._ZTC15StraightsWindow0_N3Gtk6WidgetE[vtable for StraightsWindow]+0x50): undefined reference to `Gtk::Widget::on_map()'
StraightsWindow.o:(.rodata._ZTC15StraightsWindow0_N3Gtk6WidgetE[vtable for StraightsWindow]+0x58): undefined reference to `Gtk::Widget::on_unmap()'
StraightsWindow.o:(.rodata._ZTC15StraightsWindow0_N3Gtk6WidgetE[vtable for StraightsWindow]+0x60): undefined reference to `Gtk::Widget::on_realize()'
StraightsWindow.o:(.rodata._ZTC15StraightsWindow0_N3Gtk6WidgetE[vtable for StraightsWindow]+0x68): undefined reference to `Gtk::Widget::on_unrealize()'
StraightsWindow.o:(.rodata._ZTC15StraightsWindow0_N3Gtk6WidgetE[vtable for StraightsWindow]+0x70): undefined reference to `Gtk::Widget::on_size_request(_GtkRequisition*)'
StraightsWindow.o:(.rodata._ZTC15StraightsWindow0_N3Gtk6WidgetE[vtable for StraightsWindow]+0x78): undefined reference to `Gtk::Widget::on_size_allocate(Gdk::Rectangle&)'
StraightsWindow.o:(.rodata._ZTC15StraightsWindow0_N3Gtk6WidgetE[vtable for StraightsWindow]+0x80): undefined reference to `Gtk::Widget::on_state_changed(Gtk::StateType)'
StraightsWindow.o:(.rodata._ZTC15StraightsWindow0_N3Gtk6WidgetE[vtable for StraightsWindow]+0x88): undefined reference to `Gtk::Widget::on_parent_changed(Gtk::Widget*)'
StraightsWindow.o:(.rodata._ZTC15StraightsWindow0_N3Gtk6WidgetE[vtable for StraightsWindow]+0x90): undefined reference to `Gtk::Widget::on_hierarchy_changed(Gtk::Widget*)'
StraightsWindow.o:(.rodata._ZTC15StraightsWindow0_N3Gtk6WidgetE[vtable for StraightsWindow]+0x98): undefined reference to `Gtk::Widget::on_style_changed(Glib::RefPtr<Gtk::Style> const&)'
StraightsWindow.o:(.rodata._ZTC15StraightsWindow0_N3Gtk6WidgetE[vtable for StraightsWindow]+0xa0): undefined reference to `Gtk::Widget::on_direction_changed(Gtk::TextDirection)'
StraightsWindow.o:(.rodata._ZTC15StraightsWindow0_N3Gtk6WidgetE[vtable for StraightsWindow]+0xa8): undefined reference to `Gtk::Widget::on_grab_notify(bool)'
StraightsWindow.o:(.rodata._ZTC15StraightsWindow0_N3Gtk6WidgetE[vtable for StraightsWindow]+0xb0): undefined reference to `Gtk::Widget::on_child_notify(_GParamSpec*)'
StraightsWindow.o:(.rodata._ZTC15StraightsWindow0_N3Gtk6WidgetE[vtable for StraightsWindow]+0xb8): undefined reference to `Gtk::Widget::on_mnemonic_activate(bool)'
StraightsWindow.o:(.rodata._ZTC15StraightsWindow0_N3Gtk6WidgetE[vtable for StraightsWindow]+0xc0): undefined reference to `Gtk::Widget::on_grab_focus()'
StraightsWindow.o:(.rodata._ZTC15StraightsWindow0_N3Gtk6WidgetE[vtable for StraightsWindow]+0xc8): undefined reference to `Gtk::Widget::on_focus(Gtk::DirectionType)'
StraightsWindow.o:(.rodata._ZTC15StraightsWindow0_N3Gtk6WidgetE[vtable for StraightsWindow]+0xd0): undefined reference to `Gtk::Widget::on_event(_GdkEvent*)'
StraightsWindow.o:(.rodata._ZTC15StraightsWindow0_N3Gtk6WidgetE[vtable for StraightsWindow]+0xd8): undefined reference to `Gtk::Widget::on_button_press_event(_GdkEventButton*)'
StraightsWindow.o:(.rodata._ZTC15StraightsWindow0_N3Gtk6WidgetE[vtable for StraightsWindow]+0xe0): undefined reference to `Gtk::Widget::on_button_release_event(_GdkEventButton*)'
StraightsWindow.o:(.rodata._ZTC15StraightsWindow0_N3Gtk6WidgetE[vtable for StraightsWindow]+0xe8): undefined reference to `Gtk::Widget::on_scroll_event(_GdkEventScroll*)'
StraightsWindow.o:(.rodata._ZTC15StraightsWindow0_N3Gtk6WidgetE[vtable for StraightsWindow]+0xf0): undefined reference to `Gtk::Widget::on_motion_notify_event(_GdkEventMotion*)'
StraightsWindow.o:(.rodata._ZTC15StraightsWindow0_N3Gtk6WidgetE[vtable for StraightsWindow]+0xf8): undefined reference to `Gtk::Widget::on_delete_event(_GdkEventAny*)'
StraightsWindow.o:(.rodata._ZTC15StraightsWindow0_N3Gtk6WidgetE[vtable for StraightsWindow]+0x100): undefined reference to `Gtk::Widget::on_expose_event(_GdkEventExpose*)'
StraightsWindow.o:(.rodata._ZTC15StraightsWindow0_N3Gtk6WidgetE[vtable for StraightsWindow]+0x108): undefined reference to `Gtk::Widget::on_key_press_event(_GdkEventKey*)'
StraightsWindow.o:(.rodata._ZTC15StraightsWindow0_N3Gtk6WidgetE[vtable for StraightsWindow]+0x110): undefined reference to `Gtk::Widget::on_key_release_event(_GdkEventKey*)'
StraightsWindow.o:(.rodata._ZTC15StraightsWindow0_N3Gtk6WidgetE[vtable for StraightsWindow]+0x118): undefined reference to `Gtk::Widget::on_enter_notify_event(_GdkEventCrossing*)'
StraightsWindow.o:(.rodata._ZTC15StraightsWindow0_N3Gtk6WidgetE[vtable for StraightsWindow]+0x120): undefined reference to `Gtk::Widget::on_leave_notify_event(_GdkEventCrossing*)'
StraightsWindow.o:(.rodata._ZTC15StraightsWindow0_N3Gtk6WidgetE[vtable for StraightsWindow]+0x128): undefined reference to `Gtk::Widget::on_configure_event(_GdkEventConfigure*)'
StraightsWindow.o:(.rodata._ZTC15StraightsWindow0_N3Gtk6WidgetE[vtable for StraightsWindow]+0x130): undefined reference to `Gtk::Widget::on_focus_in_event(_GdkEventFocus*)'
StraightsWindow.o:(.rodata._ZTC15StraightsWindow0_N3Gtk6WidgetE[vtable for StraightsWindow]+0x138): undefined reference to `Gtk::Widget::on_focus_out_event(_GdkEventFocus*)'
StraightsWindow.o:(.rodata._ZTC15StraightsWindow0_N3Gtk6WidgetE[vtable for StraightsWindow]+0x140): undefined reference to `Gtk::Widget::on_map_event(_GdkEventAny*)'
StraightsWindow.o:(.rodata._ZTC15StraightsWindow0_N3Gtk6WidgetE[vtable for StraightsWindow]+0x148): undefined reference to `Gtk::Widget::on_unmap_event(_GdkEventAny*)'
StraightsWindow.o:(.rodata._ZTC15StraightsWindow0_N3Gtk6WidgetE[vtable for StraightsWindow]+0x150): undefined reference to `Gtk::Widget::on_property_notify_event(_GdkEventProperty*)'
StraightsWindow.o:(.rodata._ZTC15StraightsWindow0_N3Gtk6WidgetE[vtable for StraightsWindow]+0x158): undefined reference to `Gtk::Widget::on_selection_clear_event(_GdkEventSelection*)'
StraightsWindow.o:(.rodata._ZTC15StraightsWindow0_N3Gtk6WidgetE[vtable for StraightsWindow]+0x160): undefined reference to `Gtk::Widget::on_selection_request_event(_GdkEventSelection*)'
StraightsWindow.o:(.rodata._ZTC15StraightsWindow0_N3Gtk6WidgetE[vtable for StraightsWindow]+0x168): undefined reference to `Gtk::Widget::on_selection_notify_event(_GdkEventSelection*)'
StraightsWindow.o:(.rodata._ZTC15StraightsWindow0_N3Gtk6WidgetE[vtable for StraightsWindow]+0x170): undefined reference to `Gtk::Widget::on_proximity_in_event(_GdkEventProximity*)'
StraightsWindow.o:(.rodata._ZTC15StraightsWindow0_N3Gtk6WidgetE[vtable for StraightsWindow]+0x178): undefined reference to `Gtk::Widget::on_proximity_out_event(_GdkEventProximity*)'
StraightsWindow.o:(.rodata._ZTC15StraightsWindow0_N3Gtk6WidgetE[vtable for StraightsWindow]+0x180): undefined reference to `Gtk::Widget::on_visibility_notify_event(_GdkEventVisibility*)'
StraightsWindow.o:(.rodata._ZTC15StraightsWindow0_N3Gtk6WidgetE[vtable for StraightsWindow]+0x188): undefined reference to `Gtk::Widget::on_client_event(_GdkEventClient*)'
StraightsWindow.o:(.rodata._ZTC15StraightsWindow0_N3Gtk6WidgetE[vtable for StraightsWindow]+0x190): undefined reference to `Gtk::Widget::on_no_expose_event(_GdkEventAny*)'
StraightsWindow.o:(.rodata._ZTC15StraightsWindow0_N3Gtk6WidgetE[vtable for StraightsWindow]+0x198): undefined reference to `Gtk::Widget::on_window_state_event(_GdkEventWindowState*)'
StraightsWindow.o:(.rodata._ZTC15StraightsWindow0_N3Gtk6WidgetE[vtable for StraightsWindow]+0x1a0): undefined reference to `Gtk::Widget::on_selection_get(Gtk::SelectionData&, unsigned int, unsigned int)'
StraightsWindow.o:(.rodata._ZTC15StraightsWindow0_N3Gtk6WidgetE[vtable for StraightsWindow]+0x1a8): undefined reference to `Gtk::Widget::on_selection_received(Gtk::SelectionData const&, unsigned int)'
StraightsWindow.o:(.rodata._ZTC15StraightsWindow0_N3Gtk6WidgetE[vtable for StraightsWindow]+0x1b0): undefined reference to `Gtk::Widget::on_drag_begin(Glib::RefPtr<Gdk::DragContext> const&)'
StraightsWindow.o:(.rodata._ZTC15StraightsWindow0_N3Gtk6WidgetE[vtable for StraightsWindow]+0x1b8): undefined reference to `Gtk::Widget::on_drag_end(Glib::RefPtr<Gdk::DragContext> const&)'
StraightsWindow.o:(.rodata._ZTC15StraightsWindow0_N3Gtk6WidgetE[vtable for StraightsWindow]+0x1c0): undefined reference to `Gtk::Widget::on_drag_data_get(Glib::RefPtr<Gdk::DragContext> const&, Gtk::SelectionData&, unsigned int, unsigned int)'
StraightsWindow.o:(.rodata._ZTC15StraightsWindow0_N3Gtk6WidgetE[vtable for StraightsWindow]+0x1c8): undefined reference to `Gtk::Widget::on_drag_data_delete(Glib::RefPtr<Gdk::DragContext> const&)'
StraightsWindow.o:(.rodata._ZTC15StraightsWindow0_N3Gtk6WidgetE[vtable for StraightsWindow]+0x1d0): undefined reference to `Gtk::Widget::on_drag_leave(Glib::RefPtr<Gdk::DragContext> const&, unsigned int)'
StraightsWindow.o:(.rodata._ZTC15StraightsWindow0_N3Gtk6WidgetE[vtable for StraightsWindow]+0x1d8): undefined reference to `Gtk::Widget::on_drag_motion(Glib::RefPtr<Gdk::DragContext> const&, int, int, unsigned int)'
StraightsWindow.o:(.rodata._ZTC15StraightsWindow0_N3Gtk6WidgetE[vtable for StraightsWindow]+0x1e0): undefined reference to `Gtk::Widget::on_drag_drop(Glib::RefPtr<Gdk::DragContext> const&, int, int, unsigned int)'
StraightsWindow.o:(.rodata._ZTC15StraightsWindow0_N3Gtk6WidgetE[vtable for StraightsWindow]+0x1e8): undefined reference to `Gtk::Widget::on_drag_data_received(Glib::RefPtr<Gdk::DragContext> const&, int, int, Gtk::SelectionData const&, unsigned int, unsigned int)'
StraightsWindow.o:(.rodata._ZTC15StraightsWindow0_N3Gtk6WidgetE[vtable for StraightsWindow]+0x1f0): undefined reference to `Gtk::Widget::on_get_accessible()'
StraightsWindow.o:(.rodata._ZTC15StraightsWindow0_N3Gtk6WidgetE[vtable for StraightsWindow]+0x1f8): undefined reference to `Gtk::Widget::on_screen_changed(Glib::RefPtr<Gdk::Screen> const&)'
StraightsWindow.o:(.rodata._ZTC15StraightsWindow0_N3Gtk6WidgetE[vtable for StraightsWindow]+0x200): undefined reference to `Gtk::Widget::dispatch_child_properties_changed_vfunc(unsigned int, _GParamSpec**)'
StraightsWindow.o:(.rodata._ZTC15StraightsWindow0_N3Gtk6WidgetE[vtable for StraightsWindow]+0x208): undefined reference to `Gtk::Widget::show_all_vfunc()'
StraightsWindow.o:(.rodata._ZTC15StraightsWindow0_N3Gtk6WidgetE[vtable for StraightsWindow]+0x210): undefined reference to `Gtk::Widget::hide_all_vfunc()'
StraightsWindow.o:(.rodata._ZTC15StraightsWindow0_N3Gtk6WidgetE[vtable for StraightsWindow]+0x218): undefined reference to `Gtk::Widget::get_accessible_vfunc()'
StraightsWindow.o:(.rodata._ZTC15StraightsWindow0_N3Gtk6WidgetE[vtable for StraightsWindow]+0x238): undefined reference to `typeinfo for Gtk::Widget'
StraightsWindow.o:(.rodata._ZTC15StraightsWindow0_N3Gtk6WidgetE[vtable for StraightsWindow]+0x240): undefined reference to `non-virtual thunk to Gtk::Widget::~Widget()'
StraightsWindow.o:(.rodata._ZTC15StraightsWindow0_N3Gtk6WidgetE[vtable for StraightsWindow]+0x248): undefined reference to `non-virtual thunk to Gtk::Widget::~Widget()'
StraightsWindow.o:(.rodata._ZTC15StraightsWindow0_N3Gtk6WidgetE[vtable for StraightsWindow]+0x250): undefined reference to `Atk::Implementor::ref_accessibile_vfunc()'
StraightsWindow.o:(.rodata._ZTC15StraightsWindow0_N3Gtk6WidgetE[vtable for StraightsWindow]+0x290): undefined reference to `typeinfo for Gtk::Widget'
StraightsWindow.o:(.rodata._ZTC15StraightsWindow0_N3Gtk6WidgetE[vtable for StraightsWindow]+0x298): undefined reference to `virtual thunk to Gtk::Widget::~Widget()'
StraightsWindow.o:(.rodata._ZTC15StraightsWindow0_N3Gtk6WidgetE[vtable for StraightsWindow]+0x2a0): undefined reference to `virtual thunk to Gtk::Widget::~Widget()'
StraightsWindow.o:(.rodata._ZTC15StraightsWindow0_N3Gtk6WidgetE[vtable for StraightsWindow]+0x2a8): undefined reference to `Glib::ObjectBase::reference() const'
StraightsWindow.o:(.rodata._ZTC15StraightsWindow0_N3Gtk6WidgetE[vtable for StraightsWindow]+0x2b0): undefined reference to `Glib::ObjectBase::unreference() const'
StraightsWindow.o:(.rodata._ZTC15StraightsWindow0_N3Gtk6WidgetE[vtable for StraightsWindow]+0x2b8): undefined reference to `virtual thunk to Gtk::Object::destroy_notify_()'
StraightsWindow.o:(.rodata._ZTC15StraightsWindow0_N3Gtk6WidgetE[vtable for StraightsWindow]+0x2c0): undefined reference to `virtual thunk to Gtk::Object::set_manage()'
StraightsWindow.o:(.rodata._ZTC15StraightsWindow0_N3Gtk6ObjectE[vtable for StraightsWindow]+0x18): undefined reference to `typeinfo for Gtk::Object'
StraightsWindow.o:(.rodata._ZTC15StraightsWindow0_N3Gtk6ObjectE[vtable for StraightsWindow]+0x20): undefined reference to `Gtk::Object::~Object()'
StraightsWindow.o:(.rodata._ZTC15StraightsWindow0_N3Gtk6ObjectE[vtable for StraightsWindow]+0x28): undefined reference to `Gtk::Object::~Object()'
StraightsWindow.o:(.rodata._ZTC15StraightsWindow0_N3Gtk6ObjectE[vtable for StraightsWindow]+0x30): undefined reference to `Gtk::Object::set_manage()'
StraightsWindow.o:(.rodata._ZTC15StraightsWindow0_N3Gtk6ObjectE[vtable for StraightsWindow]+0x38): undefined reference to `Gtk::Object::destroy_notify_()'
StraightsWindow.o:(.rodata._ZTC15StraightsWindow0_N3Gtk6ObjectE[vtable for StraightsWindow]+0x78): undefined reference to `typeinfo for Gtk::Object'
StraightsWindow.o:(.rodata._ZTC15StraightsWindow0_N3Gtk6ObjectE[vtable for StraightsWindow]+0x80): undefined reference to `virtual thunk to Gtk::Object::~Object()'
StraightsWindow.o:(.rodata._ZTC15StraightsWindow0_N3Gtk6ObjectE[vtable for StraightsWindow]+0x88): undefined reference to `virtual thunk to Gtk::Object::~Object()'
StraightsWindow.o:(.rodata._ZTC15StraightsWindow0_N3Gtk6ObjectE[vtable for StraightsWindow]+0x90): undefined reference to `Glib::ObjectBase::reference() const'
StraightsWindow.o:(.rodata._ZTC15StraightsWindow0_N3Gtk6ObjectE[vtable for StraightsWindow]+0x98): undefined reference to `Glib::ObjectBase::unreference() const'
StraightsWindow.o:(.rodata._ZTC15StraightsWindow0_N3Gtk6ObjectE[vtable for StraightsWindow]+0xa0): undefined reference to `virtual thunk to Gtk::Object::destroy_notify_()'
StraightsWindow.o:(.rodata._ZTC15StraightsWindow0_N3Gtk6ObjectE[vtable for StraightsWindow]+0xa8): undefined reference to `virtual thunk to Gtk::Object::set_manage()'
StraightsWindow.o:(.rodata._ZTC15StraightsWindow0_N4Glib6ObjectE[vtable for StraightsWindow]+0x18): undefined reference to `typeinfo for Glib::Object'
StraightsWindow.o:(.rodata._ZTC15StraightsWindow0_N4Glib6ObjectE[vtable for StraightsWindow]+0x20): undefined reference to `Glib::Object::~Object()'
StraightsWindow.o:(.rodata._ZTC15StraightsWindow0_N4Glib6ObjectE[vtable for StraightsWindow]+0x28): undefined reference to `Glib::Object::~Object()'
StraightsWindow.o:(.rodata._ZTC15StraightsWindow0_N4Glib6ObjectE[vtable for StraightsWindow]+0x68): undefined reference to `typeinfo for Glib::Object'
StraightsWindow.o:(.rodata._ZTC15StraightsWindow0_N4Glib6ObjectE[vtable for StraightsWindow]+0x70): undefined reference to `virtual thunk to Glib::Object::~Object()'
StraightsWindow.o:(.rodata._ZTC15StraightsWindow0_N4Glib6ObjectE[vtable for StraightsWindow]+0x78): undefined reference to `virtual thunk to Glib::Object::~Object()'
StraightsWindow.o:(.rodata._ZTC15StraightsWindow0_N4Glib6ObjectE[vtable for StraightsWindow]+0x80): undefined reference to `Glib::ObjectBase::reference() const'
StraightsWindow.o:(.rodata._ZTC15StraightsWindow0_N4Glib6ObjectE[vtable for StraightsWindow]+0x88): undefined reference to `Glib::ObjectBase::unreference() const'
StraightsWindow.o:(.rodata._ZTC15StraightsWindow0_N4Glib6ObjectE[vtable for StraightsWindow]+0x90): undefined reference to `Glib::ObjectBase::destroy_notify_()'
StraightsWindow.o:(.rodata._ZTC15StraightsWindow0_N4Glib6ObjectE[vtable for StraightsWindow]+0x98): undefined reference to `Glib::ObjectBase::set_manage()'
StraightsWindow.o:(.rodata._ZTC15StraightsWindow16_N3Atk11ImplementorE[vtable for StraightsWindow]+0x18): undefined reference to `typeinfo for Atk::Implementor'
StraightsWindow.o:(.rodata._ZTC15StraightsWindow16_N3Atk11ImplementorE[vtable for StraightsWindow]+0x20): undefined reference to `Atk::Implementor::~Implementor()'
StraightsWindow.o:(.rodata._ZTC15StraightsWindow16_N3Atk11ImplementorE[vtable for StraightsWindow]+0x28): undefined reference to `Atk::Implementor::~Implementor()'
StraightsWindow.o:(.rodata._ZTC15StraightsWindow16_N3Atk11ImplementorE[vtable for StraightsWindow]+0x30): undefined reference to `Atk::Implementor::ref_accessibile_vfunc()'
StraightsWindow.o:(.rodata._ZTC15StraightsWindow16_N3Atk11ImplementorE[vtable for StraightsWindow]+0x70): undefined reference to `typeinfo for Atk::Implementor'
StraightsWindow.o:(.rodata._ZTC15StraightsWindow16_N3Atk11ImplementorE[vtable for StraightsWindow]+0x78): undefined reference to `virtual thunk to Atk::Implementor::~Implementor()'
StraightsWindow.o:(.rodata._ZTC15StraightsWindow16_N3Atk11ImplementorE[vtable for StraightsWindow]+0x80): undefined reference to `virtual thunk to Atk::Implementor::~Implementor()'
StraightsWindow.o:(.rodata._ZTC15StraightsWindow16_N3Atk11ImplementorE[vtable for StraightsWindow]+0x88): undefined reference to `Glib::ObjectBase::reference() const'
StraightsWindow.o:(.rodata._ZTC15StraightsWindow16_N3Atk11ImplementorE[vtable for StraightsWindow]+0x90): undefined reference to `Glib::ObjectBase::unreference() const'
StraightsWindow.o:(.rodata._ZTC15StraightsWindow16_N3Atk11ImplementorE[vtable for StraightsWindow]+0x98): undefined reference to `Glib::ObjectBase::destroy_notify_()'
StraightsWindow.o:(.rodata._ZTC15StraightsWindow16_N3Atk11ImplementorE[vtable for StraightsWindow]+0xa0): undefined reference to `Glib::ObjectBase::set_manage()'
StraightsWindow.o:(.rodata._ZTC15StraightsWindow16_N4Glib9InterfaceE[vtable for StraightsWindow]+0x18): undefined reference to `typeinfo for Glib::Interface'
StraightsWindow.o:(.rodata._ZTC15StraightsWindow16_N4Glib9InterfaceE[vtable for StraightsWindow]+0x20): undefined reference to `Glib::Interface::~Interface()'
StraightsWindow.o:(.rodata._ZTC15StraightsWindow16_N4Glib9InterfaceE[vtable for StraightsWindow]+0x28): undefined reference to `Glib::Interface::~Interface()'
StraightsWindow.o:(.rodata._ZTC15StraightsWindow16_N4Glib9InterfaceE[vtable for StraightsWindow]+0x68): undefined reference to `typeinfo for Glib::Interface'
StraightsWindow.o:(.rodata._ZTC15StraightsWindow16_N4Glib9InterfaceE[vtable for StraightsWindow]+0x70): undefined reference to `virtual thunk to Glib::Interface::~Interface()'
StraightsWindow.o:(.rodata._ZTC15StraightsWindow16_N4Glib9InterfaceE[vtable for StraightsWindow]+0x78): undefined reference to `virtual thunk to Glib::Interface::~Interface()'
StraightsWindow.o:(.rodata._ZTC15StraightsWindow16_N4Glib9InterfaceE[vtable for StraightsWindow]+0x80): undefined reference to `Glib::ObjectBase::reference() const'
StraightsWindow.o:(.rodata._ZTC15StraightsWindow16_N4Glib9InterfaceE[vtable for StraightsWindow]+0x88): undefined reference to `Glib::ObjectBase::unreference() const'
StraightsWindow.o:(.rodata._ZTC15StraightsWindow16_N4Glib9InterfaceE[vtable for StraightsWindow]+0x90): undefined reference to `Glib::ObjectBase::destroy_notify_()'
StraightsWindow.o:(.rodata._ZTC15StraightsWindow16_N4Glib9InterfaceE[vtable for StraightsWindow]+0x98): undefined reference to `Glib::ObjectBase::set_manage()'
StraightsWindow.o:(.rodata._ZTC15StraightsWindow312_N4Glib10ObjectBaseE[vtable for StraightsWindow]+0x10): undefined reference to `typeinfo for Glib::ObjectBase'
StraightsWindow.o:(.rodata._ZTC15StraightsWindow312_N4Glib10ObjectBaseE[vtable for StraightsWindow]+0x28): undefined reference to `Glib::ObjectBase::reference() const'
StraightsWindow.o:(.rodata._ZTC15StraightsWindow312_N4Glib10ObjectBaseE[vtable for StraightsWindow]+0x30): undefined reference to `Glib::ObjectBase::unreference() const'
StraightsWindow.o:(.rodata._ZTC15StraightsWindow312_N4Glib10ObjectBaseE[vtable for StraightsWindow]+0x38): undefined reference to `Glib::ObjectBase::destroy_notify_()'
StraightsWindow.o:(.rodata._ZTC15StraightsWindow312_N4Glib10ObjectBaseE[vtable for StraightsWindow]+0x40): undefined reference to `Glib::ObjectBase::set_manage()'
StraightsWindow.o:(.rodata._ZTI15StraightsWindow[typeinfo for StraightsWindow]+0x10): undefined reference to `typeinfo for Gtk::Window'
DeckUI.o: In function `createPixbuf(std::basic_string<char, std::char_traits<char>, std::allocator<char> > const&)':
/u8/jkalpin/cs247/cs247project/DeckUI.cpp:13: undefined reference to `Gdk::Pixbuf::create_from_file(std::basic_string<char, std::char_traits<char>, std::allocator<char> > const&)'
main.o: In function `main':
/u8/jkalpin/cs247/cs247project/main.cpp:5: undefined reference to `Gtk::Main::Main(int&, char**&, bool)'
/u8/jkalpin/cs247/cs247project/main.cpp:7: undefined reference to `Gtk::Main::run(Gtk::Window&)'
/u8/jkalpin/cs247/cs247project/main.cpp:9: undefined reference to `Gtk::Main::~Main()'
/u8/jkalpin/cs247/cs247project/main.cpp:9: undefined reference to `Gtk::Main::~Main()'
collect2: ld returned 1 exit status
make: *** [straights] Error 1
